<html>
<body>
<pre>
<h1>µVision Build Log</h1>
<h2>Tool Versions:</h2>
IDE-Version: µVision V5.39.0.0
Copyright (C) 2023 ARM Ltd and ARM Germany GmbH. All rights reserved.
License Information: Sofia Arias, tec de monterrey, LIC=KIV70-VWJ71-C4A4N-GK4QA-8KHDN-E5BA0
 
Tool Versions:
Toolchain:       MDK-ARM Professional  Version: 5.39.0.0
Toolchain Path:  C:\Keil_v5\ARM\Arm_Compiler_5.06u7\Bin
C Compiler:      Armcc.exe V5.06 update 7 for Certification (build 960)
Assembler:       Armasm.exe V5.06 update 7 for Certification (build 960)
Linker/Locator:  ArmLink.exe V5.06 update 7 for Certification (build 960)
Library Manager: ArmAr.exe V5.06 update 7 for Certification (build 960)
Hex Converter:   FromElf.exe V5.06 update 7 for Certification (build 960)
CPU DLL:         SARMCM3.DLL V5.39.0.0
Dialog DLL:      DCM.DLL V1.17.5.0
Target DLL:      STLink\ST-LINKIII-KEIL_SWO.dll V3.2.0.0
Dialog DLL:      TCM.DLL V1.56.4.0
 
<h2>Project:</h2>
C:\Users\carlo\OneDrive\Escritorio\robot\testBenches\all_remote\MDK-ARM\all_remote.uvprojx
Project File Date:  05/27/2024

<h2>Output:</h2>
*** Using Compiler 'V5.06 update 7 for Certification (build 960)', folder: 'C:\Keil_v5\ARM\Arm_Compiler_5.06u7\Bin'
Build target 'standard_robot'
compiling referee.c...
compiling chassis_power_control.c...
compiling referee_usart_task.c...
compiling shoot.c...
compiling usb_task.c...
..\application\usb_task.c(56): warning:  #177-D: variable "status"  was declared but never referenced
  static const char status[2][7] = {"OK", "ERROR!"};
..\application\usb_task.c: 1 warning, 0 errors
linking...
Program Size: Code=106440 RO-data=13840 RW-data=1256 ZI-data=59632  
FromELF: creating hex file...
standard_tpye_c\standard_tpye_c.hex: Warning: Q9931W: Your license for feature Keil will expire in 26 days
Finished: 0 information, 1 warning and 0 error messages.
"standard_tpye_c\standard_tpye_c.axf" - 0 Error(s), 1 Warning(s).

<h2>Software Packages used:</h2>

Package Vendor: ARM
                https://www.keil.com/pack/ARM.CMSIS.6.1.0.pack
                ARM::CMSIS@6.1.0
                CMSIS (Common Microcontroller Software Interface Standard)
   * Component: CORE Version: 6.1.0

Package Vendor: Keil
                https://www.keil.com/pack/Keil.STM32F4xx_DFP.2.17.1.pack
                Keil::STM32F4xx_DFP@2.17.1
                STMicroelectronics STM32F4 Series Device Support, Drivers and Examples

<h2>Collection of Component include folders:</h2>
  ./RTE/_standard_robot
  C:/Users/carlo/AppData/Local/Arm/Packs/ARM/CMSIS/6.1.0/CMSIS/Core/Include
  C:/Users/carlo/AppData/Local/Arm/Packs/Keil/STM32F4xx_DFP/2.17.1/Drivers/CMSIS/Device/ST/STM32F4xx/Include

<h2>Collection of Component Files used:</h2>

   * Component: ARM::CMSIS:CORE@6.1.0
Build Time Elapsed:  00:00:09
</pre>
</body>
</html>
