<html>
<body>
<pre>
<h1>µVision Build Log</h1>
<h2>Tool Versions:</h2>
IDE-Version: µVision V5.39.0.0
Copyright (C) 2023 ARM Ltd and ARM Germany GmbH. All rights reserved.
License Information: Sofia Arias Villa, Instituto Tecnologico de Estudios Superiores de Monterrey, LIC=GE741-WJNCN-2599D-RL3DL-WVZY4-PS1SU
 
Tool Versions:
Toolchain:       MDK-ARM Professional  Version: 5.39.0.0
Toolchain Path:  C:\Keil_v5\ARM\ARM_Compiler_5.06u6\Bin
C Compiler:      Armcc.exe V5.06 update 6 (build 750)
Assembler:       Armasm.exe V5.06 update 6 (build 750)
Linker/Locator:  ArmLink.exe V5.06 update 6 (build 750)
Library Manager: ArmAr.exe V5.06 update 6 (build 750)
Hex Converter:   FromElf.exe V5.06 update 6 (build 750)
CPU DLL:         SARMCM3.DLL V5.39.0.0
Dialog DLL:      DCM.DLL V1.17.5.0
Target DLL:      STLink\ST-LINKIII-KEIL_SWO.dll V3.2.0.0
Dialog DLL:      TCM.DLL V1.56.4.0
 
<h2>Project:</h2>
C:\Users\sofia\universidad\testBenches\all_remote\MDK-ARM\all_remote.uvprojx
Project File Date:  04/20/2024

<h2>Output:</h2>
*** Using Compiler 'V5.06 update 6 (build 750)', folder: 'C:\Keil_v5\ARM\ARM_Compiler_5.06u6\Bin'
Build target 'standard_robot'
compiling calibrate_task.c...
compiling gimbal_behaviour.c...
..\application\gimbal_behaviour.c(492): warning:  #175-D: subscript out of range
              !switch_is_down(gimbal_mode_set->gimbal_rc_ctrl->rc.s[GIMBAL_MODE_CHANNEL]) && !toe_is_error(DBUS_TOE))
..\application\gimbal_behaviour.c(504): warning:  #175-D: subscript out of range
      if (switch_is_down(gimbal_mode_set->gimbal_rc_ctrl->rc.s[GIMBAL_MODE_CHANNEL]))
..\application\gimbal_behaviour.c(508): warning:  #175-D: subscript out of range
      else if (switch_is_mid(gimbal_mode_set->gimbal_rc_ctrl->rc.s[GIMBAL_MODE_CHANNEL]))
..\application\gimbal_behaviour.c(508): warning:  #514-D: pointless comparison of unsigned integer with a negative constant
      else if (switch_is_mid(gimbal_mode_set->gimbal_rc_ctrl->rc.s[GIMBAL_MODE_CHANNEL]))
..\application\gimbal_behaviour.c(508): warning:  #175-D: subscript out of range
      else if (switch_is_mid(gimbal_mode_set->gimbal_rc_ctrl->rc.s[GIMBAL_MODE_CHANNEL]))
..\application\gimbal_behaviour.c(512): warning:  #175-D: subscript out of range
      else if (switch_is_up(gimbal_mode_set->gimbal_rc_ctrl->rc.s[GIMBAL_MODE_CHANNEL]))
..\application\gimbal_behaviour.c: 6 warnings, 0 errors
compiling chassis_behaviour.c...
..\application\chassis_behaviour.c(244): warning:  #175-D: subscript out of range
      if (switch_is_mid(chassis_move_mode->chassis_RC->rc.s[CHASSIS_MODE_CHANNEL]))
..\application\chassis_behaviour.c(244): warning:  #514-D: pointless comparison of unsigned integer with a negative constant
      if (switch_is_mid(chassis_move_mode->chassis_RC->rc.s[CHASSIS_MODE_CHANNEL]))
..\application\chassis_behaviour.c(244): warning:  #175-D: subscript out of range
      if (switch_is_mid(chassis_move_mode->chassis_RC->rc.s[CHASSIS_MODE_CHANNEL]))
..\application\chassis_behaviour.c(250): warning:  #175-D: subscript out of range
      else if (switch_is_down(chassis_move_mode->chassis_RC->rc.s[CHASSIS_MODE_CHANNEL]))
..\application\chassis_behaviour.c(254): warning:  #175-D: subscript out of range
      else if (switch_is_up(chassis_move_mode->chassis_RC->rc.s[CHASSIS_MODE_CHANNEL]))
..\application\chassis_behaviour.c(594): warning:  #1-D: last line of file ends without a newline
  }
..\application\chassis_behaviour.c: 6 warnings, 0 errors
compiling chassis_power_control.c...
compiling freertos.c...
compiling chassis_task.c...
compiling shoot.c...
..\application\shoot.c(221): warning:  #514-D: pointless comparison of unsigned integer with a negative constant
      if (switch_is_mid(shoot_control.shoot_rc->rc.s[SHOOT_RC_MODE_CHANNEL]) && (shoot_control.shoot_rc->key.v & SHOOT_ON_KEYBOARD) && shoot_control.shoot_mode == SHOOT_STOP)
..\application\shoot.c(226): warning:  #514-D: pointless comparison of unsigned integer with a negative constant
      else if (switch_is_mid(shoot_control.shoot_rc->rc.s[SHOOT_RC_MODE_CHANNEL]) && (shoot_control.shoot_rc->key.v & SHOOT_OFF_KEYBOARD) && shoot_control.shoot_mode != SHOOT_STOP)
..\application\shoot.c: 2 warnings, 0 errors
compiling main.c...
compiling gimbal_task.c...
linking...
Program Size: Code=101628 RO-data=13668 RW-data=1148 ZI-data=57796  
FromELF: creating hex file...
standard_tpye_c\standard_tpye_c.hex: Warning: Q9931W: Your license for feature Keil will expire in 26 days
Finished: 0 information, 1 warning and 0 error messages.
"standard_tpye_c\standard_tpye_c.axf" - 0 Error(s), 14 Warning(s).

<h2>Software Packages used:</h2>

Package Vendor: ARM
                https://www.keil.com/pack/ARM.CMSIS.6.0.0.pack
                ARM::CMSIS@6.0.0
                CMSIS (Common Microcontroller Software Interface Standard)
   * Component: CORE Version: 6.0.0

Package Vendor: Keil
                https://www.keil.com/pack/Keil.STM32F4xx_DFP.2.17.1.pack
                Keil::STM32F4xx_DFP@2.17.1
                STMicroelectronics STM32F4 Series Device Support, Drivers and Examples

<h2>Collection of Component include folders:</h2>
  ./RTE/_standard_robot
  C:/Users/sofia/AppData/Local/Arm/Packs/ARM/CMSIS/6.0.0/CMSIS/Core/Include
  C:/Users/sofia/AppData/Local/Arm/Packs/Keil/STM32F4xx_DFP/2.17.1/Drivers/CMSIS/Device/ST/STM32F4xx/Include

<h2>Collection of Component Files used:</h2>

   * Component: ARM::CMSIS:CORE@6.0.0
Build Time Elapsed:  00:00:08
</pre>
</body>
</html>
