Archive member included to satisfy reference by file (symbol)

/opt/st/stm32cubeide_1.15.0/plugins/com.st.stm32cube.ide.mcu.externaltools.gnu-tools-for-stm32.12.3.rel1.linux64_1.0.100.202403111256/tools/bin/../lib/gcc/arm-none-eabi/12.3.1/../../../../arm-none-eabi/lib/thumb/v7e-m+dp/hard/libc_nano.a(libc_a-exit.o)
                              /opt/st/stm32cubeide_1.15.0/plugins/com.st.stm32cube.ide.mcu.externaltools.gnu-tools-for-stm32.12.3.rel1.linux64_1.0.100.202403111256/tools/bin/../lib/gcc/arm-none-eabi/12.3.1/../../../../arm-none-eabi/lib/thumb/v7e-m+dp/hard/crt0.o (exit)
/opt/st/stm32cubeide_1.15.0/plugins/com.st.stm32cube.ide.mcu.externaltools.gnu-tools-for-stm32.12.3.rel1.linux64_1.0.100.202403111256/tools/bin/../lib/gcc/arm-none-eabi/12.3.1/../../../../arm-none-eabi/lib/thumb/v7e-m+dp/hard/libc_nano.a(libc_a-findfp.o)
                              ./Middlewares/Third_Party/FreeRTOS/tasks.o (__sf)
/opt/st/stm32cubeide_1.15.0/plugins/com.st.stm32cube.ide.mcu.externaltools.gnu-tools-for-stm32.12.3.rel1.linux64_1.0.100.202403111256/tools/bin/../lib/gcc/arm-none-eabi/12.3.1/../../../../arm-none-eabi/lib/thumb/v7e-m+dp/hard/libc_nano.a(libc_a-fwalk.o)
                              /opt/st/stm32cubeide_1.15.0/plugins/com.st.stm32cube.ide.mcu.externaltools.gnu-tools-for-stm32.12.3.rel1.linux64_1.0.100.202403111256/tools/bin/../lib/gcc/arm-none-eabi/12.3.1/../../../../arm-none-eabi/lib/thumb/v7e-m+dp/hard/libc_nano.a(libc_a-findfp.o) (_fwalk_sglue)
/opt/st/stm32cubeide_1.15.0/plugins/com.st.stm32cube.ide.mcu.externaltools.gnu-tools-for-stm32.12.3.rel1.linux64_1.0.100.202403111256/tools/bin/../lib/gcc/arm-none-eabi/12.3.1/../../../../arm-none-eabi/lib/thumb/v7e-m+dp/hard/libc_nano.a(libc_a-stdio.o)
                              /opt/st/stm32cubeide_1.15.0/plugins/com.st.stm32cube.ide.mcu.externaltools.gnu-tools-for-stm32.12.3.rel1.linux64_1.0.100.202403111256/tools/bin/../lib/gcc/arm-none-eabi/12.3.1/../../../../arm-none-eabi/lib/thumb/v7e-m+dp/hard/libc_nano.a(libc_a-findfp.o) (__sread)
/opt/st/stm32cubeide_1.15.0/plugins/com.st.stm32cube.ide.mcu.externaltools.gnu-tools-for-stm32.12.3.rel1.linux64_1.0.100.202403111256/tools/bin/../lib/gcc/arm-none-eabi/12.3.1/../../../../arm-none-eabi/lib/thumb/v7e-m+dp/hard/libc_nano.a(libc_a-memset.o)
                              /opt/st/stm32cubeide_1.15.0/plugins/com.st.stm32cube.ide.mcu.externaltools.gnu-tools-for-stm32.12.3.rel1.linux64_1.0.100.202403111256/tools/bin/../lib/gcc/arm-none-eabi/12.3.1/../../../../arm-none-eabi/lib/thumb/v7e-m+dp/hard/crt0.o (memset)
/opt/st/stm32cubeide_1.15.0/plugins/com.st.stm32cube.ide.mcu.externaltools.gnu-tools-for-stm32.12.3.rel1.linux64_1.0.100.202403111256/tools/bin/../lib/gcc/arm-none-eabi/12.3.1/../../../../arm-none-eabi/lib/thumb/v7e-m+dp/hard/libc_nano.a(libc_a-closer.o)
                              /opt/st/stm32cubeide_1.15.0/plugins/com.st.stm32cube.ide.mcu.externaltools.gnu-tools-for-stm32.12.3.rel1.linux64_1.0.100.202403111256/tools/bin/../lib/gcc/arm-none-eabi/12.3.1/../../../../arm-none-eabi/lib/thumb/v7e-m+dp/hard/libc_nano.a(libc_a-stdio.o) (_close_r)
/opt/st/stm32cubeide_1.15.0/plugins/com.st.stm32cube.ide.mcu.externaltools.gnu-tools-for-stm32.12.3.rel1.linux64_1.0.100.202403111256/tools/bin/../lib/gcc/arm-none-eabi/12.3.1/../../../../arm-none-eabi/lib/thumb/v7e-m+dp/hard/libc_nano.a(libc_a-reent.o)
                              ./Middlewares/Third_Party/FreeRTOS/tasks.o (_reclaim_reent)
/opt/st/stm32cubeide_1.15.0/plugins/com.st.stm32cube.ide.mcu.externaltools.gnu-tools-for-stm32.12.3.rel1.linux64_1.0.100.202403111256/tools/bin/../lib/gcc/arm-none-eabi/12.3.1/../../../../arm-none-eabi/lib/thumb/v7e-m+dp/hard/libc_nano.a(libc_a-impure.o)
                              ./Middlewares/Third_Party/FreeRTOS/tasks.o (_impure_ptr)
/opt/st/stm32cubeide_1.15.0/plugins/com.st.stm32cube.ide.mcu.externaltools.gnu-tools-for-stm32.12.3.rel1.linux64_1.0.100.202403111256/tools/bin/../lib/gcc/arm-none-eabi/12.3.1/../../../../arm-none-eabi/lib/thumb/v7e-m+dp/hard/libc_nano.a(libc_a-lseekr.o)
                              /opt/st/stm32cubeide_1.15.0/plugins/com.st.stm32cube.ide.mcu.externaltools.gnu-tools-for-stm32.12.3.rel1.linux64_1.0.100.202403111256/tools/bin/../lib/gcc/arm-none-eabi/12.3.1/../../../../arm-none-eabi/lib/thumb/v7e-m+dp/hard/libc_nano.a(libc_a-stdio.o) (_lseek_r)
/opt/st/stm32cubeide_1.15.0/plugins/com.st.stm32cube.ide.mcu.externaltools.gnu-tools-for-stm32.12.3.rel1.linux64_1.0.100.202403111256/tools/bin/../lib/gcc/arm-none-eabi/12.3.1/../../../../arm-none-eabi/lib/thumb/v7e-m+dp/hard/libc_nano.a(libc_a-readr.o)
                              /opt/st/stm32cubeide_1.15.0/plugins/com.st.stm32cube.ide.mcu.externaltools.gnu-tools-for-stm32.12.3.rel1.linux64_1.0.100.202403111256/tools/bin/../lib/gcc/arm-none-eabi/12.3.1/../../../../arm-none-eabi/lib/thumb/v7e-m+dp/hard/libc_nano.a(libc_a-stdio.o) (_read_r)
[...]
Memory Configuration

Name             Origin             Length             Attributes
RAM_D1           0x24000000         0x00080000         xrw
FLASH            0x08000000         0x00100000         xr
DTCMRAM          0x20000000         0x00020000         xrw
RAM_D2           0x30000000         0x00048000         xrw
RAM_D3           0x38000000         0x00010000         xrw
ITCMRAM          0x00000000         0x00010000         xrw
*default*        0x00000000         0xffffffff

Linker script and memory map

LOAD /opt/st/stm32cubeide_1.15.0/plugins/com.st.stm32cube.ide.mcu.externaltools.gnu-tools-for-stm32.12.3.rel1.linux64_1.0.100.202403111256/tools/bin/../lib/gcc/arm-none-eabi/12.3.1/thumb/v7e-m+dp/hard/crti.o
LOAD /opt/st/stm32cubeide_1.15.0/plugins/com.st.stm32cube.ide.mcu.externaltools.gnu-tools-for-stm32.12.3.rel1.linux64_1.0.100.202403111256/tools/bin/../lib/gcc/arm-none-eabi/12.3.1/thumb/v7e-m+dp/hard/crtbegin.o
LOAD /opt/st/stm32cubeide_1.15.0/plugins/com.st.stm32cube.ide.mcu.externaltools.gnu-tools-for-stm32.12.3.rel1.linux64_1.0.100.202403111256/tools/bin/../lib/gcc/arm-none-eabi/12.3.1/../../../../arm-none-eabi/lib/thumb/v7e-m+dp/hard/crt0.o
LOAD ./Common/Src/system_stm32h7xx_dualcore_boot_cm4_cm7.o
LOAD ./Core/Src/ControllerPWM.o
LOAD ./Core/Src/freertos.o
LOAD ./Core/Src/main.o
LOAD ./Core/Src/stm32h7xx_hal_msp.o
LOAD ./Core/Src/stm32h7xx_hal_timebase_tim.o
LOAD ./Core/Src/stm32h7xx_it.o
LOAD ./Core/Src/syscalls.o
LOAD ./Core/Src/sysmem.o
LOAD ./Core/Startup/startup_stm32h745zitx.o
LOAD ./Drivers/STM32H7xx_HAL_Driver/stm32h7xx_hal.o
LOAD ./Drivers/STM32H7xx_HAL_Driver/stm32h7xx_hal_cortex.o
LOAD ./Drivers/STM32H7xx_HAL_Driver/stm32h7xx_hal_dma.o
LOAD ./Drivers/STM32H7xx_HAL_Driver/stm32h7xx_hal_dma_ex.o
LOAD ./Drivers/STM32H7xx_HAL_Driver/stm32h7xx_hal_eth.o
LOAD ./Drivers/STM32H7xx_HAL_Driver/stm32h7xx_hal_eth_ex.o
LOAD ./Drivers/STM32H7xx_HAL_Driver/stm32h7xx_hal_exti.o
LOAD ./Drivers/STM32H7xx_HAL_Driver/stm32h7xx_hal_flash.o
LOAD ./Drivers/STM32H7xx_HAL_Driver/stm32h7xx_hal_flash_ex.o
LOAD ./Drivers/STM32H7xx_HAL_Driver/stm32h7xx_hal_gpio.o
LOAD ./Drivers/STM32H7xx_HAL_Driver/stm32h7xx_hal_hsem.o
LOAD ./Drivers/STM32H7xx_HAL_Driver/stm32h7xx_hal_i2c.o
LOAD ./Drivers/STM32H7xx_HAL_Driver/stm32h7xx_hal_i2c_ex.o
LOAD ./Drivers/STM32H7xx_HAL_Driver/stm32h7xx_hal_mdma.o
LOAD ./Drivers/STM32H7xx_HAL_Driver/stm32h7xx_hal_pcd.o
LOAD ./Drivers/STM32H7xx_HAL_Driver/stm32h7xx_hal_pcd_ex.o
LOAD ./Drivers/STM32H7xx_HAL_Driver/stm32h7xx_hal_pwr.o
LOAD ./Drivers/STM32H7xx_HAL_Driver/stm32h7xx_hal_pwr_ex.o
LOAD ./Drivers/STM32H7xx_HAL_Driver/stm32h7xx_hal_rcc.o
LOAD ./Drivers/STM32H7xx_HAL_Driver/stm32h7xx_hal_rcc_ex.o
LOAD ./Drivers/STM32H7xx_HAL_Driver/stm32h7xx_hal_tim.o
LOAD ./Drivers/STM32H7xx_HAL_Driver/stm32h7xx_hal_tim_ex.o
LOAD ./Drivers/STM32H7xx_HAL_Driver/stm32h7xx_hal_uart.o
LOAD ./Drivers/STM32H7xx_HAL_Driver/stm32h7xx_hal_uart_ex.o
LOAD ./Drivers/STM32H7xx_HAL_Driver/stm32h7xx_ll_usb.o
LOAD ./Middlewares/Third_Party/FreeRTOS/cmsis_os2.o
LOAD ./Middlewares/Third_Party/FreeRTOS/croutine.o
LOAD ./Middlewares/Third_Party/FreeRTOS/event_groups.o
LOAD ./Middlewares/Third_Party/FreeRTOS/heap_4.o
LOAD ./Middlewares/Third_Party/FreeRTOS/list.o
LOAD ./Middlewares/Third_Party/FreeRTOS/port.o
LOAD ./Middlewares/Third_Party/FreeRTOS/queue.o
LOAD ./Middlewares/Third_Party/FreeRTOS/stream_buffer.o
LOAD ./Middlewares/Third_Party/FreeRTOS/tasks.o
LOAD ./Middlewares/Third_Party/FreeRTOS/timers.o
START GROUP
LOAD /opt/st/stm32cubeide_1.15.0/plugins/com.st.stm32cube.ide.mcu.externaltools.gnu-tools-for-stm32.12.3.rel1.linux64_1.0.100.202403111256/tools/bin/../lib/gcc/arm-none-eabi/12.3.1/../../../../arm-none-eabi/lib/thumb/v7e-m+dp/hard/libstdc++_nano.a
LOAD /opt/st/stm32cubeide_1.15.0/plugins/com.st.stm32cube.ide.mcu.externaltools.gnu-tools-for-stm32.12.3.rel1.linux64_1.0.100.202403111256/tools/bin/../lib/gcc/arm-none-eabi/12.3.1/../../../../arm-none-eabi/lib/thumb/v7e-m+dp/hard/libsupc++_nano.a
END GROUP
LOAD /opt/st/stm32cubeide_1.15.0/plugins/com.st.stm32cube.ide.mcu.externaltools.gnu-tools-for-stm32.12.3.rel1.linux64_1.0.100.202403111256/tools/bin/../lib/gcc/arm-none-eabi/12.3.1/../../../../arm-none-eabi/lib/thumb/v7e-m+dp/hard/libstdc++_nano.a
LOAD /opt/st/stm32cubeide_1.15.0/plugins/com.st.stm32cube.ide.mcu.externaltools.gnu-tools-for-stm32.12.3.rel1.linux64_1.0.100.202403111256/tools/bin/../lib/gcc/arm-none-eabi/12.3.1/../../../../arm-none-eabi/lib/thumb/v7e-m+dp/hard/libm.a
LOAD /opt/st/stm32cubeide_1.15.0/plugins/com.st.stm32cube.ide.mcu.externaltools.gnu-tools-for-stm32.12.3.rel1.linux64_1.0.100.202403111256/tools/bin/../lib/gcc/arm-none-eabi/12.3.1/../../../../arm-none-eabi/lib/thumb/v7e-m+dp/hard/libc_nano.a
START GROUP
LOAD /opt/st/stm32cubeide_1.15.0/plugins/com.st.stm32cube.ide.mcu.externaltools.gnu-tools-for-stm32.12.3.rel1.linux64_1.0.100.202403111256/tools/bin/../lib/gcc/arm-none-eabi/12.3.1/thumb/v7e-m+dp/hard/libgcc.a
LOAD /opt/st/stm32cubeide_1.15.0/plugins/com.st.stm32cube.ide.mcu.externaltools.gnu-tools-for-stm32.12.3.rel1.linux64_1.0.100.202403111256/tools/bin/../lib/gcc/arm-none-eabi/12.3.1/../../../../arm-none-eabi/lib/thumb/v7e-m+dp/hard/libc_nano.a
END GROUP
START GROUP
LOAD /opt/st/stm32cubeide_1.15.0/plugins/com.st.stm32cube.ide.mcu.externaltools.gnu-tools-for-stm32.12.3.rel1.linux64_1.0.100.202403111256/tools/bin/../lib/gcc/arm-none-eabi/12.3.1/thumb/v7e-m+dp/hard/libgcc.a
LOAD /opt/st/stm32cubeide_1.15.0/plugins/com.st.stm32cube.ide.mcu.externaltools.gnu-tools-for-stm32.12.3.rel1.linux64_1.0.100.202403111256/tools/bin/../lib/gcc/arm-none-eabi/12.3.1/../../../../arm-none-eabi/lib/thumb/v7e-m+dp/hard/libc_nano.a
LOAD /opt/st/stm32cubeide_1.15.0/plugins/com.st.stm32cube.ide.mcu.externaltools.gnu-tools-for-stm32.12.3.rel1.linux64_1.0.100.202403111256/tools/bin/../lib/gcc/arm-none-eabi/12.3.1/../../../../arm-none-eabi/lib/thumb/v7e-m+dp/hard/libnosys.a
END GROUP
START GROUP
LOAD /opt/st/stm32cubeide_1.15.0/plugins/com.st.stm32cube.ide.mcu.externaltools.gnu-tools-for-stm32.12.3.rel1.linux64_1.0.100.202403111256/tools/bin/../lib/gcc/arm-none-eabi/12.3.1/thumb/v7e-m+dp/hard/libgcc.a
LOAD /opt/st/stm32cubeide_1.15.0/plugins/com.st.stm32cube.ide.mcu.externaltools.gnu-tools-for-stm32.12.3.rel1.linux64_1.0.100.202403111256/tools/bin/../lib/gcc/arm-none-eabi/12.3.1/../../../../arm-none-eabi/lib/thumb/v7e-m+dp/hard/libc_nano.a
LOAD /opt/st/stm32cubeide_1.15.0/plugins/com.st.stm32cube.ide.mcu.externaltools.gnu-tools-for-stm32.12.3.rel1.linux64_1.0.100.202403111256/tools/bin/../lib/gcc/arm-none-eabi/12.3.1/../../../../arm-none-eabi/lib/thumb/v7e-m+dp/hard/libnosys.a
END GROUP
LOAD /opt/st/stm32cubeide_1.15.0/plugins/com.st.stm32cube.ide.mcu.externaltools.gnu-tools-for-stm32.12.3.rel1.linux64_1.0.100.202403111256/tools/bin/../lib/gcc/arm-none-eabi/12.3.1/thumb/v7e-m+dp/hard/crtend.o
LOAD /opt/st/stm32cubeide_1.15.0/plugins/com.st.stm32cube.ide.mcu.externaltools.gnu-tools-for-stm32.12.3.rel1.linux64_1.0.100.202403111256/tools/bin/../lib/gcc/arm-none-eabi/12.3.1/thumb/v7e-m+dp/hard/crtn.o
                0x24080000                        _estack = (ORIGIN (RAM_D1) + LENGTH (RAM_D1))
                0x00000200                        _Min_Heap_Size = 0x200
                0x00000400                        _Min_Stack_Size = 0x400

.isr_vector     0x08000000      0x298
                0x08000000                        . = ALIGN (0x4)
 *(.isr_vector)
 .isr_vector    0x08000000      0x298 ./Core/Startup/startup_stm32h745zitx.o
                0x08000000                g_pfnVectors
                0x08000298                        . = ALIGN (0x4)

.text           0x080002a0     0xac40
                0x080002a0                        . = ALIGN (0x4)
 *(.text)
 .text          0x080002a0       0x40 /opt/st/stm32cubeide_1.15.0/plugins/com.st.stm32cube.ide.mcu.externaltools.gnu-tools-for-stm32.12.3.rel1.linux64_1.0.100.202403111256/tools/bin/../lib/gcc/arm-none-eabi/12.3.1/thumb/v7e-m+dp/hard/crtbegin.o
 .text          0x080002e0       0x30 /opt/st/stm32cubeide_1.15.0/plugins/com.st.stm32cube.ide.mcu.externaltools.gnu-tools-for-stm32.12.3.rel1.linux64_1.0.100.202403111256/tools/bin/../lib/gcc/arm-none-eabi/12.3.1/thumb/v7e-m+dp/hard/libgcc.a(_aeabi_uldivmod.o)
                0x080002e0                __aeabi_uldivmod
 .text          0x08000310      0x2bc /opt/st/stm32cubeide_1.15.0/plugins/com.st.stm32cube.ide.mcu.externaltools.gnu-tools-for-stm32.12.3.rel1.linux64_1.0.100.202403111256/tools/bin/../lib/gcc/arm-none-eabi/12.3.1/thumb/v7e-m+dp/hard/libgcc.a(_udivmoddi4.o)
                0x08000310                __udivmoddi4
 .text          0x080005cc        0x4 /opt/st/stm32cubeide_1.15.0/plugins/com.st.stm32cube.ide.mcu.externaltools.gnu-tools-for-stm32.12.3.rel1.linux64_1.0.100.202403111256/tools/bin/../lib/gcc/arm-none-eabi/12.3.1/thumb/v7e-m+dp/hard/libgcc.a(_dvmd_tls.o)
                0x080005cc                __aeabi_ldiv0
                0x080005cc                __aeabi_idiv0
 *(.text*)
 .text.SystemInit
                0x080005d0      0x12c ./Common/Src/system_stm32h7xx_dualcore_boot_cm4_cm7.o
                0x080005d0                SystemInit
 .text._ZN13ControllerPWMC2EP17TIM_HandleTypeDeft
                0x080006fc       0x28 ./Core/Src/ControllerPWM.o
                0x080006fc                ControllerPWM::ControllerPWM(TIM_HandleTypeDef*, unsigned short)
                0x080006fc                ControllerPWM::ControllerPWM(TIM_HandleTypeDef*, unsigned short)
 .text._ZN13ControllerPWM19set_clock_frequencyEm
                0x08000724       0x24 ./Core/Src/ControllerPWM.o
                0x08000724                ControllerPWM::set_clock_frequency(unsigned long)
 .text._ZN13ControllerPWM20set_signal_frequencyEt
                0x08000748       0x34 ./Core/Src/ControllerPWM.o
                0x08000748                ControllerPWM::set_signal_frequency(unsigned short)
 .text._ZN13ControllerPWM14set_duty_cycleEt
                0x0800077c       0x38 ./Core/Src/ControllerPWM.o
                0x0800077c                ControllerPWM::set_duty_cycle(unsigned short)
 .text._ZN13ControllerPWM9start_pwmEm
                0x080007b4       0x64 ./Core/Src/ControllerPWM.o
                0x080007b4                ControllerPWM::start_pwm(unsigned long)
 .text._ZN13ControllerPWM14get_duty_cycleEv
                0x08000818       0x2a ./Core/Src/ControllerPWM.o
                0x08000818                ControllerPWM::get_duty_cycle()
 .text._ZN13ControllerPWM13get_prescalerEv
                0x08000842       0x1a ./Core/Src/ControllerPWM.o
                0x08000842                ControllerPWM::get_prescaler()
 .text.main     0x0800085c       0xfc ./Core/Src/main.o
                0x0800085c                main
 .text._Z18SystemClock_Configv
                0x08000958      0x118 ./Core/Src/main.o
                0x08000958                SystemClock_Config()
 .text._ZL11MX_ETH_Initv
                0x08000a70       0xa4 ./Core/Src/main.o
 .text._ZL12MX_TIM5_Initv
                0x08000b14      0x120 ./Core/Src/main.o
 .text._ZL19MX_USART3_UART_Initv
                0x08000c34       0xc0 ./Core/Src/main.o
 .text._ZL22MX_USB_OTG_FS_PCD_Initv
                0x08000cf4       0x6c ./Core/Src/main.o
 .text._ZL12MX_GPIO_Initv
                0x08000d60      0x104 ./Core/Src/main.o
 .text._Z16StartDefaultTaskPv
                0x08000e64       0x10 ./Core/Src/main.o
                0x08000e64                StartDefaultTask(void*)
 .text._Z13StartTestTaskPv
                0x08000e74       0xc0 ./Core/Src/main.o
                0x08000e74                StartTestTask(void*)
 .text.HAL_TIM_PeriodElapsedCallback
                0x08000f34       0x24 ./Core/Src/main.o
                0x08000f34                HAL_TIM_PeriodElapsedCallback
 .text.Error_Handler
                0x08000f58        0xc ./Core/Src/main.o
                0x08000f58                Error_Handler
 .text.HAL_MspInit
                0x08000f64       0x3c ./Core/Src/stm32h7xx_hal_msp.o
                0x08000f64                HAL_MspInit
 .text.HAL_ETH_MspInit
                0x08000fa0      0x19c ./Core/Src/stm32h7xx_hal_msp.o
                0x08000fa0                HAL_ETH_MspInit
 .text.HAL_TIM_Base_MspInit
                0x0800113c       0x44 ./Core/Src/stm32h7xx_hal_msp.o
                0x0800113c                HAL_TIM_Base_MspInit
 .text.HAL_TIM_MspPostInit
                0x08001180       0x74 ./Core/Src/stm32h7xx_hal_msp.o
                0x08001180                HAL_TIM_MspPostInit
 .text.HAL_UART_MspInit
                0x080011f4       0xd4 ./Core/Src/stm32h7xx_hal_msp.o
                0x080011f4                HAL_UART_MspInit
 .text.HAL_PCD_MspInit
                0x080012c8      0x118 ./Core/Src/stm32h7xx_hal_msp.o
                0x080012c8                HAL_PCD_MspInit
 .text.HAL_InitTick
                0x080013e0       0xc4 ./Core/Src/stm32h7xx_hal_timebase_tim.o
                0x080013e0                HAL_InitTick
 .text.NMI_Handler
                0x080014a4        0x8 ./Core/Src/stm32h7xx_it.o
                0x080014a4                NMI_Handler
 .text.HardFault_Handler
                0x080014ac        0x8 ./Core/Src/stm32h7xx_it.o
                0x080014ac                HardFault_Handler
 .text.MemManage_Handler
                0x080014b4        0x8 ./Core/Src/stm32h7xx_it.o
                0x080014b4                MemManage_Handler
 .text.BusFault_Handler
                0x080014bc        0x8 ./Core/Src/stm32h7xx_it.o
                0x080014bc                BusFault_Handler
 .text.UsageFault_Handler
                0x080014c4        0x8 ./Core/Src/stm32h7xx_it.o
                0x080014c4                UsageFault_Handler
 .text.DebugMon_Handler
                0x080014cc        0xe ./Core/Src/stm32h7xx_it.o
                0x080014cc                DebugMon_Handler
 *fill*         0x080014da        0x2 
 .text.TIM15_IRQHandler
                0x080014dc       0x14 ./Core/Src/stm32h7xx_it.o
                0x080014dc                TIM15_IRQHandler
 .text.Reset_Handler
                0x080014f0       0x50 ./Core/Startup/startup_stm32h745zitx.o
                0x080014f0                Reset_Handler
 .text.Default_Handler
                0x08001540        0x2 ./Core/Startup/startup_stm32h745zitx.o
                0x08001540                RTC_Alarm_IRQHandler
                0x08001540                EXTI2_IRQHandler
                0x08001540                TIM8_CC_IRQHandler
                0x08001540                HRTIM1_Master_IRQHandler
                0x08001540                UART8_IRQHandler
                0x08001540                SPI4_IRQHandler
                0x08001540                TIM1_CC_IRQHandler
                0x08001540                BDMA_Channel6_IRQHandler
                0x08001540                DMA2_Stream5_IRQHandler
                0x08001540                HRTIM1_FLT_IRQHandler
                0x08001540                JPEG_IRQHandler
                0x08001540                DMA1_Stream5_IRQHandler
                0x08001540                BDMA_Channel1_IRQHandler
                0x08001540                HRTIM1_TIMD_IRQHandler
                0x08001540                TAMP_STAMP_IRQHandler
                0x08001540                EXTI3_IRQHandler
                0x08001540                LPTIM4_IRQHandler
                0x08001540                TIM8_TRG_COM_TIM14_IRQHandler
                0x08001540                LPTIM2_IRQHandler
                0x08001540                DFSDM1_FLT1_IRQHandler
                0x08001540                DMAMUX2_OVR_IRQHandler
                0x08001540                TIM8_UP_TIM13_IRQHandler
                0x08001540                I2C3_ER_IRQHandler
                0x08001540                DFSDM1_FLT2_IRQHandler
                0x08001540                MDMA_IRQHandler
                0x08001540                LPTIM3_IRQHandler
                0x08001540                HSEM1_IRQHandler
                0x08001540                EXTI0_IRQHandler
                0x08001540                I2C2_EV_IRQHandler
                0x08001540                DMA1_Stream2_IRQHandler
                0x08001540                FPU_IRQHandler
                0x08001540                OTG_HS_WKUP_IRQHandler
                0x08001540                FDCAN1_IT1_IRQHandler
                0x08001540                LTDC_ER_IRQHandler
                0x08001540                DMA2_Stream2_IRQHandler
                0x08001540                HRTIM1_TIME_IRQHandler
                0x08001540                SPI1_IRQHandler
                0x08001540                TIM6_DAC_IRQHandler
                0x08001540                DCMI_IRQHandler
                0x08001540                HRTIM1_TIMC_IRQHandler
                0x08001540                DMA2_Stream3_IRQHandler
                0x08001540                SAI2_IRQHandler
                0x08001540                DFSDM1_FLT3_IRQHandler
                0x08001540                USART6_IRQHandler
                0x08001540                TIM17_IRQHandler
                0x08001540                USART3_IRQHandler
                0x08001540                BDMA_Channel7_IRQHandler
                0x08001540                LPTIM5_IRQHandler
                0x08001540                UART5_IRQHandler
                0x08001540                ADC3_IRQHandler
                0x08001540                DMA2_Stream0_IRQHandler
                0x08001540                TIM4_IRQHandler
                0x08001540                BDMA_Channel2_IRQHandler
                0x08001540                QUADSPI_IRQHandler
                0x08001540                I2C1_EV_IRQHandler
                0x08001540                DMA1_Stream6_IRQHandler
                0x08001540                DMAMUX1_OVR_IRQHandler
                0x08001540                DMA1_Stream1_IRQHandler
                0x08001540                TIM16_IRQHandler
                0x08001540                UART4_IRQHandler
                0x08001540                BDMA_Channel5_IRQHandler
                0x08001540                TIM3_IRQHandler
                0x08001540                RCC_IRQHandler
                0x08001540                TIM8_BRK_TIM12_IRQHandler
                0x08001540                TIM1_TRG_COM_IRQHandler
                0x08001540                Default_Handler
                0x08001540                ECC_IRQHandler
                0x08001540                CEC_IRQHandler
                0x08001540                EXTI15_10_IRQHandler
                0x08001540                BDMA_Channel0_IRQHandler
                0x08001540                ADC_IRQHandler
                0x08001540                DMA1_Stream7_IRQHandler
                0x08001540                HRTIM1_TIMA_IRQHandler
                0x08001540                SPI5_IRQHandler
                0x08001540                TIM7_IRQHandler
                0x08001540                SDMMC1_IRQHandler
                0x08001540                TIM5_IRQHandler
                0x08001540                DMA2_Stream7_IRQHandler
                0x08001540                PVD_AVD_IRQHandler
                0x08001540                I2C3_EV_IRQHandler
                0x08001540                EXTI9_5_IRQHandler
                0x08001540                RTC_WKUP_IRQHandler
                0x08001540                LTDC_IRQHandler
                0x08001540                SAI3_IRQHandler
                0x08001540                ETH_WKUP_IRQHandler
                0x08001540                SPDIF_RX_IRQHandler
                0x08001540                SPI2_IRQHandler
                0x08001540                OTG_HS_EP1_IN_IRQHandler
                0x08001540                DMA1_Stream0_IRQHandler
                0x08001540                CRS_IRQHandler
                0x08001540                CM7_SEV_IRQHandler
                0x08001540                EXTI4_IRQHandler
                0x08001540                RNG_IRQHandler
                0x08001540                CM4_SEV_IRQHandler
                0x08001540                HRTIM1_TIMB_IRQHandler
                0x08001540                FDCAN2_IT1_IRQHandler
                0x08001540                ETH_IRQHandler
                0x08001540                TIM1_UP_IRQHandler
                0x08001540                WWDG_RST_IRQHandler
                0x08001540                BDMA_Channel4_IRQHandler
                0x08001540                OTG_HS_EP1_OUT_IRQHandler
                0x08001540                WWDG_IRQHandler
                0x08001540                SPI6_IRQHandler
                0x08001540                MDIOS_IRQHandler
                0x08001540                I2C4_EV_IRQHandler
                0x08001540                FDCAN2_IT0_IRQHandler
                0x08001540                LPUART1_IRQHandler
                0x08001540                FDCAN1_IT0_IRQHandler
                0x08001540                TIM2_IRQHandler
                0x08001540                OTG_FS_WKUP_IRQHandler
                0x08001540                OTG_HS_IRQHandler
                0x08001540                HSEM2_IRQHandler
                0x08001540                DMA2D_IRQHandler
                0x08001540                TIM1_BRK_IRQHandler
                0x08001540                EXTI1_IRQHandler
                0x08001540                SDMMC2_IRQHandler
                0x08001540                OTG_FS_EP1_OUT_IRQHandler
                0x08001540                BDMA_Channel3_IRQHandler
                0x08001540                HOLD_CORE_IRQHandler
                0x08001540                UART7_IRQHandler
                0x08001540                MDIOS_WKUP_IRQHandler
                0x08001540                USART2_IRQHandler
                0x08001540                DFSDM1_FLT0_IRQHandler
                0x08001540                SAI4_IRQHandler
                0x08001540                I2C2_ER_IRQHandler
                0x08001540                DMA2_Stream1_IRQHandler
                0x08001540                FLASH_IRQHandler
                0x08001540                DMA2_Stream4_IRQHandler
                0x08001540                USART1_IRQHandler
                0x08001540                OTG_FS_IRQHandler
                0x08001540                SPI3_IRQHandler
                0x08001540                WAKEUP_PIN_IRQHandler
                0x08001540                DMA1_Stream4_IRQHandler
                0x08001540                OTG_FS_EP1_IN_IRQHandler
                0x08001540                I2C1_ER_IRQHandler
                0x08001540                FMC_IRQHandler
                0x08001540                FDCAN_CAL_IRQHandler
                0x08001540                SWPMI1_IRQHandler
                0x08001540                COMP1_IRQHandler
                0x08001540                LPTIM1_IRQHandler
                0x08001540                I2C4_ER_IRQHandler
                0x08001540                DMA2_Stream6_IRQHandler
                0x08001540                SAI1_IRQHandler
                0x08001540                DMA1_Stream3_IRQHandler
 *fill*         0x08001542        0x2 
 .text.HAL_Init
                0x08001544       0x78 ./Drivers/STM32H7xx_HAL_Driver/stm32h7xx_hal.o
                0x08001544                HAL_Init
 .text.HAL_IncTick
                0x080015bc       0x28 ./Drivers/STM32H7xx_HAL_Driver/stm32h7xx_hal.o
                0x080015bc                HAL_IncTick
 .text.HAL_GetTick
                0x080015e4       0x18 ./Drivers/STM32H7xx_HAL_Driver/stm32h7xx_hal.o
                0x080015e4                HAL_GetTick
 .text.HAL_Delay
                0x080015fc       0x48 ./Drivers/STM32H7xx_HAL_Driver/stm32h7xx_hal.o
                0x080015fc                HAL_Delay
 .text.HAL_GetREVID
                0x08001644       0x18 ./Drivers/STM32H7xx_HAL_Driver/stm32h7xx_hal.o
                0x08001644                HAL_GetREVID
 .text.HAL_SYSCFG_ETHInterfaceSelect
                0x0800165c       0x28 ./Drivers/STM32H7xx_HAL_Driver/stm32h7xx_hal.o
                0x0800165c                HAL_SYSCFG_ETHInterfaceSelect
 .text.__NVIC_SetPriorityGrouping
                0x08001684       0x48 ./Drivers/STM32H7xx_HAL_Driver/stm32h7xx_hal_cortex.o
 .text.__NVIC_GetPriorityGrouping
                0x080016cc       0x1c ./Drivers/STM32H7xx_HAL_Driver/stm32h7xx_hal_cortex.o
 .text.__NVIC_EnableIRQ
                0x080016e8       0x3c ./Drivers/STM32H7xx_HAL_Driver/stm32h7xx_hal_cortex.o
 .text.__NVIC_SetPriority
                0x08001724       0x54 ./Drivers/STM32H7xx_HAL_Driver/stm32h7xx_hal_cortex.o
 .text.NVIC_EncodePriority
                0x08001778       0x66 ./Drivers/STM32H7xx_HAL_Driver/stm32h7xx_hal_cortex.o
 .text.HAL_NVIC_SetPriorityGrouping
                0x080017de       0x16 ./Drivers/STM32H7xx_HAL_Driver/stm32h7xx_hal_cortex.o
                0x080017de                HAL_NVIC_SetPriorityGrouping
 .text.HAL_NVIC_SetPriority
                0x080017f4       0x34 ./Drivers/STM32H7xx_HAL_Driver/stm32h7xx_hal_cortex.o
                0x080017f4                HAL_NVIC_SetPriority
 .text.HAL_NVIC_EnableIRQ
                0x08001828       0x1c ./Drivers/STM32H7xx_HAL_Driver/stm32h7xx_hal_cortex.o
                0x08001828                HAL_NVIC_EnableIRQ
 .text.HAL_ETH_Init
                0x08001844      0x1fc ./Drivers/STM32H7xx_HAL_Driver/stm32h7xx_hal_eth.o
                0x08001844                HAL_ETH_Init
 .text.HAL_ETH_SetMDIOClockRange
                0x08001a40       0xa0 ./Drivers/STM32H7xx_HAL_Driver/stm32h7xx_hal_eth.o
                0x08001a40                HAL_ETH_SetMDIOClockRange
 .text.ETH_SetMACConfig
                0x08001ae0      0x238 ./Drivers/STM32H7xx_HAL_Driver/stm32h7xx_hal_eth.o
 .text.ETH_SetDMAConfig
                0x08001d18      0x10c ./Drivers/STM32H7xx_HAL_Driver/stm32h7xx_hal_eth.o
 .text.ETH_MACDMAConfig
                0x08001e24      0x13a ./Drivers/STM32H7xx_HAL_Driver/stm32h7xx_hal_eth.o
 .text.ETH_DMATxDescListInit
                0x08001f5e       0x92 ./Drivers/STM32H7xx_HAL_Driver/stm32h7xx_hal_eth.o
 .text.ETH_DMARxDescListInit
                0x08001ff0       0xba ./Drivers/STM32H7xx_HAL_Driver/stm32h7xx_hal_eth.o
 *fill*         0x080020aa        0x2 
 .text.HAL_GPIO_Init
                0x080020ac      0x360 ./Drivers/STM32H7xx_HAL_Driver/stm32h7xx_hal_gpio.o
                0x080020ac                HAL_GPIO_Init
 .text.HAL_GPIO_WritePin
                0x0800240c       0x32 ./Drivers/STM32H7xx_HAL_Driver/stm32h7xx_hal_gpio.o
                0x0800240c                HAL_GPIO_WritePin
 *fill*         0x0800243e        0x2 
 .text.HAL_HSEM_FastTake
                0x08002440       0x34 ./Drivers/STM32H7xx_HAL_Driver/stm32h7xx_hal_hsem.o
                0x08002440                HAL_HSEM_FastTake
 .text.HAL_HSEM_Release
                0x08002474       0x28 ./Drivers/STM32H7xx_HAL_Driver/stm32h7xx_hal_hsem.o
                0x08002474                HAL_HSEM_Release
 .text.HAL_PCD_Init
                0x0800249c      0x218 ./Drivers/STM32H7xx_HAL_Driver/stm32h7xx_hal_pcd.o
                0x0800249c                HAL_PCD_Init
 .text.HAL_PCDEx_ActivateLPM
                0x080026b4       0x48 ./Drivers/STM32H7xx_HAL_Driver/stm32h7xx_hal_pcd_ex.o
                0x080026b4                HAL_PCDEx_ActivateLPM
 .text.HAL_PWREx_ConfigSupply
                0x080026fc       0xb4 ./Drivers/STM32H7xx_HAL_Driver/stm32h7xx_hal_pwr_ex.o
                0x080026fc                HAL_PWREx_ConfigSupply
 .text.HAL_PWREx_EnableUSBVoltageDetector
                0x080027b0       0x20 ./Drivers/STM32H7xx_HAL_Driver/stm32h7xx_hal_pwr_ex.o
                0x080027b0                HAL_PWREx_EnableUSBVoltageDetector
 .text.HAL_RCC_OscConfig
                0x080027d0      0x8b4 ./Drivers/STM32H7xx_HAL_Driver/stm32h7xx_hal_rcc.o
                0x080027d0                HAL_RCC_OscConfig
 .text.HAL_RCC_ClockConfig
                0x08003084      0x36c ./Drivers/STM32H7xx_HAL_Driver/stm32h7xx_hal_rcc.o
                0x08003084                HAL_RCC_ClockConfig
 .text.HAL_RCC_GetSysClockFreq
                0x080033f0      0x2f4 ./Drivers/STM32H7xx_HAL_Driver/stm32h7xx_hal_rcc.o
                0x080033f0                HAL_RCC_GetSysClockFreq
 .text.HAL_RCC_GetHCLKFreq
                0x080036e4       0x60 ./Drivers/STM32H7xx_HAL_Driver/stm32h7xx_hal_rcc.o
                0x080036e4                HAL_RCC_GetHCLKFreq
 .text.HAL_RCC_GetPCLK1Freq
                0x08003744       0x2c ./Drivers/STM32H7xx_HAL_Driver/stm32h7xx_hal_rcc.o
                0x08003744                HAL_RCC_GetPCLK1Freq
 .text.HAL_RCC_GetPCLK2Freq
                0x08003770       0x2c ./Drivers/STM32H7xx_HAL_Driver/stm32h7xx_hal_rcc.o
                0x08003770                HAL_RCC_GetPCLK2Freq
 .text.HAL_RCC_GetClockConfig
                0x0800379c       0x84 ./Drivers/STM32H7xx_HAL_Driver/stm32h7xx_hal_rcc.o
                0x0800379c                HAL_RCC_GetClockConfig
 .text.HAL_RCCEx_PeriphCLKConfig
                0x08003820     0x1414 ./Drivers/STM32H7xx_HAL_Driver/stm32h7xx_hal_rcc_ex.o
                0x08003820                HAL_RCCEx_PeriphCLKConfig
 .text.HAL_RCCEx_GetD3PCLK1Freq
                0x08004c34       0x2c ./Drivers/STM32H7xx_HAL_Driver/stm32h7xx_hal_rcc_ex.o
                0x08004c34                HAL_RCCEx_GetD3PCLK1Freq
 .text.HAL_RCCEx_GetPLL2ClockFreq
                0x08004c60      0x2a8 ./Drivers/STM32H7xx_HAL_Driver/stm32h7xx_hal_rcc_ex.o
                0x08004c60                HAL_RCCEx_GetPLL2ClockFreq
 .text.HAL_RCCEx_GetPLL3ClockFreq
                0x08004f08      0x2a8 ./Drivers/STM32H7xx_HAL_Driver/stm32h7xx_hal_rcc_ex.o
                0x08004f08                HAL_RCCEx_GetPLL3ClockFreq
 .text.RCCEx_PLL2_Config
                0x080051b0      0x164 ./Drivers/STM32H7xx_HAL_Driver/stm32h7xx_hal_rcc_ex.o
 .text.RCCEx_PLL3_Config
                0x08005314      0x164 ./Drivers/STM32H7xx_HAL_Driver/stm32h7xx_hal_rcc_ex.o
 .text.HAL_TIM_Base_Init
                0x08005478       0xae ./Drivers/STM32H7xx_HAL_Driver/stm32h7xx_hal_tim.o
                0x08005478                HAL_TIM_Base_Init
 *fill*         0x08005526        0x2 
 .text.HAL_TIM_Base_Start_IT
                0x08005528       0xf0 ./Drivers/STM32H7xx_HAL_Driver/stm32h7xx_hal_tim.o
                0x08005528                HAL_TIM_Base_Start_IT
 .text.HAL_TIM_PWM_Init
                0x08005618       0xae ./Drivers/STM32H7xx_HAL_Driver/stm32h7xx_hal_tim.o
                0x08005618                HAL_TIM_PWM_Init
 .text.HAL_TIM_PWM_MspInit
                0x080056c6       0x14 ./Drivers/STM32H7xx_HAL_Driver/stm32h7xx_hal_tim.o
                0x080056c6                HAL_TIM_PWM_MspInit
 *fill*         0x080056da        0x2 
 .text.HAL_TIM_PWM_Start
                0x080056dc      0x21c ./Drivers/STM32H7xx_HAL_Driver/stm32h7xx_hal_tim.o
                0x080056dc                HAL_TIM_PWM_Start
 .text.HAL_TIM_IRQHandler
                0x080058f8      0x20e ./Drivers/STM32H7xx_HAL_Driver/stm32h7xx_hal_tim.o
                0x080058f8                HAL_TIM_IRQHandler
 *fill*         0x08005b06        0x2 
 .text.HAL_TIM_PWM_ConfigChannel
                0x08005b08      0x228 ./Drivers/STM32H7xx_HAL_Driver/stm32h7xx_hal_tim.o
                0x08005b08                HAL_TIM_PWM_ConfigChannel
 .text.HAL_TIM_ConfigClockSource
                0x08005d30      0x1f0 ./Drivers/STM32H7xx_HAL_Driver/stm32h7xx_hal_tim.o
                0x08005d30                HAL_TIM_ConfigClockSource
 .text.HAL_TIM_OC_DelayElapsedCallback
                0x08005f20       0x14 ./Drivers/STM32H7xx_HAL_Driver/stm32h7xx_hal_tim.o
                0x08005f20                HAL_TIM_OC_DelayElapsedCallback
 .text.HAL_TIM_IC_CaptureCallback
                0x08005f34       0x14 ./Drivers/STM32H7xx_HAL_Driver/stm32h7xx_hal_tim.o
                0x08005f34                HAL_TIM_IC_CaptureCallback
 .text.HAL_TIM_PWM_PulseFinishedCallback
                0x08005f48       0x14 ./Drivers/STM32H7xx_HAL_Driver/stm32h7xx_hal_tim.o
                0x08005f48                HAL_TIM_PWM_PulseFinishedCallback
 .text.HAL_TIM_TriggerCallback
                0x08005f5c       0x14 ./Drivers/STM32H7xx_HAL_Driver/stm32h7xx_hal_tim.o
                0x08005f5c                HAL_TIM_TriggerCallback
 .text.TIM_Base_SetConfig
                0x08005f70      0x14c ./Drivers/STM32H7xx_HAL_Driver/stm32h7xx_hal_tim.o
                0x08005f70                TIM_Base_SetConfig
 .text.TIM_OC1_SetConfig
                0x080060bc      0x120 ./Drivers/STM32H7xx_HAL_Driver/stm32h7xx_hal_tim.o
 .text.TIM_OC2_SetConfig
                0x080061dc      0x114 ./Drivers/STM32H7xx_HAL_Driver/stm32h7xx_hal_tim.o
                0x080061dc                TIM_OC2_SetConfig
 .text.TIM_OC3_SetConfig
                0x080062f0      0x110 ./Drivers/STM32H7xx_HAL_Driver/stm32h7xx_hal_tim.o
 .text.TIM_OC4_SetConfig
                0x08006400       0xd4 ./Drivers/STM32H7xx_HAL_Driver/stm32h7xx_hal_tim.o
 .text.TIM_OC5_SetConfig
                0x080064d4       0xc8 ./Drivers/STM32H7xx_HAL_Driver/stm32h7xx_hal_tim.o
 .text.TIM_OC6_SetConfig
                0x0800659c       0xcc ./Drivers/STM32H7xx_HAL_Driver/stm32h7xx_hal_tim.o
 .text.TIM_TI1_ConfigInputStage
                0x08006668       0x5e ./Drivers/STM32H7xx_HAL_Driver/stm32h7xx_hal_tim.o
 .text.TIM_TI2_ConfigInputStage
                0x080066c6       0x60 ./Drivers/STM32H7xx_HAL_Driver/stm32h7xx_hal_tim.o
 *fill*         0x08006726        0x2 
 .text.TIM_ITRx_SetConfig
                0x08006728       0x3c ./Drivers/STM32H7xx_HAL_Driver/stm32h7xx_hal_tim.o
 .text.TIM_ETR_SetConfig
                0x08006764       0x40 ./Drivers/STM32H7xx_HAL_Driver/stm32h7xx_hal_tim.o
                0x08006764                TIM_ETR_SetConfig
 .text.TIM_CCxChannelCmd
                0x080067a4       0x4a ./Drivers/STM32H7xx_HAL_Driver/stm32h7xx_hal_tim.o
                0x080067a4                TIM_CCxChannelCmd
 *fill*         0x080067ee        0x2 
 .text.HAL_TIMEx_MasterConfigSynchronization
                0x080067f0      0x11c ./Drivers/STM32H7xx_HAL_Driver/stm32h7xx_hal_tim_ex.o
                0x080067f0                HAL_TIMEx_MasterConfigSynchronization
 .text.HAL_TIMEx_CommutCallback
                0x0800690c       0x14 ./Drivers/STM32H7xx_HAL_Driver/stm32h7xx_hal_tim_ex.o
                0x0800690c                HAL_TIMEx_CommutCallback
 .text.HAL_TIMEx_BreakCallback
                0x08006920       0x14 ./Drivers/STM32H7xx_HAL_Driver/stm32h7xx_hal_tim_ex.o
                0x08006920                HAL_TIMEx_BreakCallback
 .text.HAL_TIMEx_Break2Callback
                0x08006934       0x14 ./Drivers/STM32H7xx_HAL_Driver/stm32h7xx_hal_tim_ex.o
                0x08006934                HAL_TIMEx_Break2Callback
 .text.HAL_UART_Init
                0x08006948       0xa0 ./Drivers/STM32H7xx_HAL_Driver/stm32h7xx_hal_uart.o
                0x08006948                HAL_UART_Init
 .text.UART_SetConfig
                0x080069e8      0xad0 ./Drivers/STM32H7xx_HAL_Driver/stm32h7xx_hal_uart.o
                0x080069e8                UART_SetConfig
 .text.UART_AdvFeatureConfig
                0x080074b8      0x144 ./Drivers/STM32H7xx_HAL_Driver/stm32h7xx_hal_uart.o
                0x080074b8                UART_AdvFeatureConfig
 .text.UART_CheckIdleState
                0x080075fc      0x154 ./Drivers/STM32H7xx_HAL_Driver/stm32h7xx_hal_uart.o
                0x080075fc                UART_CheckIdleState
 .text.UART_WaitOnFlagUntilTimeout
                0x08007750       0xda ./Drivers/STM32H7xx_HAL_Driver/stm32h7xx_hal_uart.o
                0x08007750                UART_WaitOnFlagUntilTimeout
 *fill*         0x0800782a        0x2 
 .text.UART_EndRxTransfer
                0x0800782c       0xcc ./Drivers/STM32H7xx_HAL_Driver/stm32h7xx_hal_uart.o
 .text.HAL_UARTEx_DisableFifoMode
                0x080078f8       0x72 ./Drivers/STM32H7xx_HAL_Driver/stm32h7xx_hal_uart_ex.o
                0x080078f8                HAL_UARTEx_DisableFifoMode
 .text.HAL_UARTEx_SetTxFifoThreshold
                0x0800796a       0x7c ./Drivers/STM32H7xx_HAL_Driver/stm32h7xx_hal_uart_ex.o
                0x0800796a                HAL_UARTEx_SetTxFifoThreshold
 .text.HAL_UARTEx_SetRxFifoThreshold
                0x080079e6       0x7c ./Drivers/STM32H7xx_HAL_Driver/stm32h7xx_hal_uart_ex.o
                0x080079e6                HAL_UARTEx_SetRxFifoThreshold
 *fill*         0x08007a62        0x2 
 .text.UARTEx_SetNbDataToProcess
                0x08007a64       0x9c ./Drivers/STM32H7xx_HAL_Driver/stm32h7xx_hal_uart_ex.o
 .text.USB_CoreInit
                0x08007b00       0xe4 ./Drivers/STM32H7xx_HAL_Driver/stm32h7xx_ll_usb.o
                0x08007b00                USB_CoreInit
 .text.USB_DisableGlobalInt
                0x08007be4       0x22 ./Drivers/STM32H7xx_HAL_Driver/stm32h7xx_ll_usb.o
                0x08007be4                USB_DisableGlobalInt
 .text.USB_SetCurrentMode
                0x08007c06       0x98 ./Drivers/STM32H7xx_HAL_Driver/stm32h7xx_ll_usb.o
                0x08007c06                USB_SetCurrentMode
 *fill*         0x08007c9e        0x2 
 .text.USB_DevInit
                0x08007ca0      0x2bc ./Drivers/STM32H7xx_HAL_Driver/stm32h7xx_ll_usb.o
                0x08007ca0                USB_DevInit
 .text.USB_FlushTxFifo
                0x08007f5c       0x64 ./Drivers/STM32H7xx_HAL_Driver/stm32h7xx_ll_usb.o
                0x08007f5c                USB_FlushTxFifo
 .text.USB_FlushRxFifo
                0x08007fc0       0x5c ./Drivers/STM32H7xx_HAL_Driver/stm32h7xx_ll_usb.o
                0x08007fc0                USB_FlushRxFifo
 .text.USB_SetDevSpeed
                0x0800801c       0x32 ./Drivers/STM32H7xx_HAL_Driver/stm32h7xx_ll_usb.o
                0x0800801c                USB_SetDevSpeed
 .text.USB_DevDisconnect
                0x0800804e       0x42 ./Drivers/STM32H7xx_HAL_Driver/stm32h7xx_ll_usb.o
                0x0800804e                USB_DevDisconnect
 .text.USB_GetMode
                0x08008090       0x1c ./Drivers/STM32H7xx_HAL_Driver/stm32h7xx_ll_usb.o
                0x08008090                USB_GetMode
 .text.USB_CoreReset
                0x080080ac       0x62 ./Drivers/STM32H7xx_HAL_Driver/stm32h7xx_ll_usb.o
 *fill*         0x0800810e        0x2 
 .text.__NVIC_SetPriority
                0x08008110       0x54 ./Middlewares/Third_Party/FreeRTOS/cmsis_os2.o
 .text.SysTick_Handler
                0x08008164       0x20 ./Middlewares/Third_Party/FreeRTOS/cmsis_os2.o
                0x08008164                SysTick_Handler
 .text.SVC_Setup
                0x08008184       0x12 ./Middlewares/Third_Party/FreeRTOS/cmsis_os2.o
 *fill*         0x08008196        0x2 
 .text.osKernelInitialize
                0x08008198       0x48 ./Middlewares/Third_Party/FreeRTOS/cmsis_os2.o
                0x08008198                osKernelInitialize
 .text.osKernelStart
                0x080081e0       0x4c ./Middlewares/Third_Party/FreeRTOS/cmsis_os2.o
                0x080081e0                osKernelStart
 .text.osThreadNew
                0x0800822c      0x124 ./Middlewares/Third_Party/FreeRTOS/cmsis_os2.o
                0x0800822c                osThreadNew
 .text.osDelay  0x08008350       0x36 ./Middlewares/Third_Party/FreeRTOS/cmsis_os2.o
                0x08008350                osDelay
 *fill*         0x08008386        0x2 
 .text.vApplicationGetIdleTaskMemory
                0x08008388       0x34 ./Middlewares/Third_Party/FreeRTOS/cmsis_os2.o
                0x08008388                vApplicationGetIdleTaskMemory
 .text.vApplicationGetTimerTaskMemory
                0x080083bc       0x34 ./Middlewares/Third_Party/FreeRTOS/cmsis_os2.o
                0x080083bc                vApplicationGetTimerTaskMemory
 .text.pvPortMalloc
                0x080083f0      0x19c ./Middlewares/Third_Party/FreeRTOS/heap_4.o
                0x080083f0                pvPortMalloc
 .text.vPortFree
                0x0800858c       0xc8 ./Middlewares/Third_Party/FreeRTOS/heap_4.o
                0x0800858c                vPortFree
 .text.prvHeapInit
                0x08008654       0xc4 ./Middlewares/Third_Party/FreeRTOS/heap_4.o
 .text.prvInsertBlockIntoFreeList
                0x08008718       0xb4 ./Middlewares/Third_Party/FreeRTOS/heap_4.o
 .text.vListInitialise
                0x080087cc       0x40 ./Middlewares/Third_Party/FreeRTOS/list.o
                0x080087cc                vListInitialise
 .text.vListInitialiseItem
                0x0800880c       0x1a ./Middlewares/Third_Party/FreeRTOS/list.o
                0x0800880c                vListInitialiseItem
 .text.vListInsertEnd
                0x08008826       0x48 ./Middlewares/Third_Party/FreeRTOS/list.o
                0x08008826                vListInsertEnd
 .text.vListInsert
                0x0800886e       0x72 ./Middlewares/Third_Party/FreeRTOS/list.o
                0x0800886e                vListInsert
 .text.uxListRemove
                0x080088e0       0x54 ./Middlewares/Third_Party/FreeRTOS/list.o
                0x080088e0                uxListRemove
 .text.pxPortInitialiseStack
                0x08008934       0x68 ./Middlewares/Third_Party/FreeRTOS/port.o
                0x08008934                pxPortInitialiseStack
 .text.prvTaskExitError
                0x0800899c       0x5c ./Middlewares/Third_Party/FreeRTOS/port.o
 *fill*         0x080089f8        0x8 
 .text.SVC_Handler
                0x08008a00       0x28 ./Middlewares/Third_Party/FreeRTOS/port.o
                0x08008a00                SVC_Handler
 .text.prvPortStartFirstTask
                0x08008a28       0x28 ./Middlewares/Third_Party/FreeRTOS/port.o
 .text.xPortStartScheduler
                0x08008a50      0x148 ./Middlewares/Third_Party/FreeRTOS/port.o
                0x08008a50                xPortStartScheduler
 .text.vPortEnterCritical
                0x08008b98       0x64 ./Middlewares/Third_Party/FreeRTOS/port.o
                0x08008b98                vPortEnterCritical
 .text.vPortExitCritical
                0x08008bfc       0x54 ./Middlewares/Third_Party/FreeRTOS/port.o
                0x08008bfc                vPortExitCritical
 .text.PendSV_Handler
                0x08008c50       0x68 ./Middlewares/Third_Party/FreeRTOS/port.o
                0x08008c50                PendSV_Handler
 .text.xPortSysTickHandler
                0x08008cb8       0x44 ./Middlewares/Third_Party/FreeRTOS/port.o
                0x08008cb8                xPortSysTickHandler
 .text.vPortSetupTimerInterrupt
                0x08008cfc       0x48 ./Middlewares/Third_Party/FreeRTOS/port.o
                0x08008cfc                vPortSetupTimerInterrupt
 .text.vPortEnableVFP
                0x08008d44       0x14 ./Middlewares/Third_Party/FreeRTOS/port.o
 .text.vPortValidateInterruptPriority
                0x08008d58       0x84 ./Middlewares/Third_Party/FreeRTOS/port.o
                0x08008d58                vPortValidateInterruptPriority
 .text.xQueueGenericReset
                0x08008ddc       0xd4 ./Middlewares/Third_Party/FreeRTOS/queue.o
                0x08008ddc                xQueueGenericReset
 .text.xQueueGenericCreateStatic
                0x08008eb0       0xfa ./Middlewares/Third_Party/FreeRTOS/queue.o
                0x08008eb0                xQueueGenericCreateStatic
 .text.prvInitialiseNewQueue
                0x08008faa       0x46 ./Middlewares/Third_Party/FreeRTOS/queue.o
 .text.xQueueGenericSend
                0x08008ff0      0x204 ./Middlewares/Third_Party/FreeRTOS/queue.o
                0x08008ff0                xQueueGenericSend
 .text.xQueueGenericSendFromISR
                0x080091f4      0x13c ./Middlewares/Third_Party/FreeRTOS/queue.o
                0x080091f4                xQueueGenericSendFromISR
 .text.xQueueReceive
                0x08009330      0x1c4 ./Middlewares/Third_Party/FreeRTOS/queue.o
                0x08009330                xQueueReceive
 .text.prvCopyDataToQueue
                0x080094f4       0xd4 ./Middlewares/Third_Party/FreeRTOS/queue.o
 .text.prvCopyDataFromQueue
                0x080095c8       0x4c ./Middlewares/Third_Party/FreeRTOS/queue.o
 .text.prvUnlockQueue
                0x08009614       0xa4 ./Middlewares/Third_Party/FreeRTOS/queue.o
 .text.prvIsQueueEmpty
                0x080096b8       0x2c ./Middlewares/Third_Party/FreeRTOS/queue.o
 .text.prvIsQueueFull
                0x080096e4       0x30 ./Middlewares/Third_Party/FreeRTOS/queue.o
 .text.vQueueAddToRegistry
                0x08009714       0x54 ./Middlewares/Third_Party/FreeRTOS/queue.o
                0x08009714                vQueueAddToRegistry
 .text.vQueueWaitForMessageRestricted
                0x08009768       0x68 ./Middlewares/Third_Party/FreeRTOS/queue.o
                0x08009768                vQueueWaitForMessageRestricted
 .text.xTaskCreateStatic
                0x080097d0       0xc0 ./Middlewares/Third_Party/FreeRTOS/tasks.o
                0x080097d0                xTaskCreateStatic
 .text.xTaskCreate
                0x08009890       0x8a ./Middlewares/Third_Party/FreeRTOS/tasks.o
                0x08009890                xTaskCreate
 *fill*         0x0800991a        0x2 
 .text.prvInitialiseNewTask
                0x0800991c      0x150 ./Middlewares/Third_Party/FreeRTOS/tasks.o
 .text.prvAddNewTaskToReadyList
                0x08009a6c       0xe0 ./Middlewares/Third_Party/FreeRTOS/tasks.o
 .text.vTaskDelay
                0x08009b4c       0x6c ./Middlewares/Third_Party/FreeRTOS/tasks.o
                0x08009b4c                vTaskDelay
 .text.vTaskStartScheduler
                0x08009bb8       0xe0 ./Middlewares/Third_Party/FreeRTOS/tasks.o
                0x08009bb8                vTaskStartScheduler
 .text.vTaskSuspendAll
                0x08009c98       0x1c ./Middlewares/Third_Party/FreeRTOS/tasks.o
                0x08009c98                vTaskSuspendAll
 .text.xTaskResumeAll
                0x08009cb4      0x13c ./Middlewares/Third_Party/FreeRTOS/tasks.o
                0x08009cb4                xTaskResumeAll
 .text.xTaskGetTickCount
                0x08009df0       0x20 ./Middlewares/Third_Party/FreeRTOS/tasks.o
                0x08009df0                xTaskGetTickCount
 .text.xTaskIncrementTick
                0x08009e10      0x174 ./Middlewares/Third_Party/FreeRTOS/tasks.o
                0x08009e10                xTaskIncrementTick
 .text.vTaskSwitchContext
                0x08009f84       0xcc ./Middlewares/Third_Party/FreeRTOS/tasks.o
                0x08009f84                vTaskSwitchContext
 .text.vTaskPlaceOnEventList
                0x0800a050       0x4c ./Middlewares/Third_Party/FreeRTOS/tasks.o
                0x0800a050                vTaskPlaceOnEventList
 .text.vTaskPlaceOnEventListRestricted
                0x0800a09c       0x58 ./Middlewares/Third_Party/FreeRTOS/tasks.o
                0x0800a09c                vTaskPlaceOnEventListRestricted
 .text.xTaskRemoveFromEventList
                0x0800a0f4       0xc8 ./Middlewares/Third_Party/FreeRTOS/tasks.o
                0x0800a0f4                xTaskRemoveFromEventList
 .text.vTaskInternalSetTimeOutState
                0x0800a1bc       0x2c ./Middlewares/Third_Party/FreeRTOS/tasks.o
                0x0800a1bc                vTaskInternalSetTimeOutState
 .text.xTaskCheckForTimeOut
                0x0800a1e8       0xc8 ./Middlewares/Third_Party/FreeRTOS/tasks.o
                0x0800a1e8                xTaskCheckForTimeOut
 .text.vTaskMissedYield
                0x0800a2b0       0x18 ./Middlewares/Third_Party/FreeRTOS/tasks.o
                0x0800a2b0                vTaskMissedYield
 .text.prvIdleTask
                0x0800a2c8       0x30 ./Middlewares/Third_Party/FreeRTOS/tasks.o
 .text.prvInitialiseTaskLists
                0x0800a2f8       0x80 ./Middlewares/Third_Party/FreeRTOS/tasks.o
 .text.prvCheckTasksWaitingTermination
                0x0800a378       0x5c ./Middlewares/Third_Party/FreeRTOS/tasks.o
 .text.prvDeleteTCB
                0x0800a3d4       0x6a ./Middlewares/Third_Party/FreeRTOS/tasks.o
 *fill*         0x0800a43e        0x2 
 .text.prvResetNextTaskUnblockTime
                0x0800a440       0x40 ./Middlewares/Third_Party/FreeRTOS/tasks.o
 .text.xTaskGetSchedulerState
                0x0800a480       0x3c ./Middlewares/Third_Party/FreeRTOS/tasks.o
                0x0800a480                xTaskGetSchedulerState
 .text.xTaskPriorityDisinherit
                0x0800a4bc       0xe0 ./Middlewares/Third_Party/FreeRTOS/tasks.o
                0x0800a4bc                xTaskPriorityDisinherit
 .text.prvAddCurrentTaskToDelayedList
                0x0800a59c       0xa8 ./Middlewares/Third_Party/FreeRTOS/tasks.o
 .text.xTimerCreateTimerTask
                0x0800a644       0x94 ./Middlewares/Third_Party/FreeRTOS/timers.o
                0x0800a644                xTimerCreateTimerTask
 .text.xTimerGenericCommand
                0x0800a6d8       0x9c ./Middlewares/Third_Party/FreeRTOS/timers.o
                0x0800a6d8                xTimerGenericCommand
 .text.prvProcessExpiredTimer
                0x0800a774       0x9c ./Middlewares/Third_Party/FreeRTOS/timers.o
 .text.prvTimerTask
                0x0800a810       0x26 ./Middlewares/Third_Party/FreeRTOS/timers.o
 *fill*         0x0800a836        0x2 
 .text.prvProcessTimerOrBlockTask
                0x0800a838       0x9c ./Middlewares/Third_Party/FreeRTOS/timers.o
 .text.prvGetNextExpireTime
                0x0800a8d4       0x48 ./Middlewares/Third_Party/FreeRTOS/timers.o
 .text.prvSampleTimeNow
                0x0800a91c       0x40 ./Middlewares/Third_Party/FreeRTOS/timers.o
 .text.prvInsertTimerInActiveList
                0x0800a95c       0x84 ./Middlewares/Third_Party/FreeRTOS/timers.o
 .text.prvProcessReceivedCommands
                0x0800a9e0      0x1cc ./Middlewares/Third_Party/FreeRTOS/timers.o
 .text.prvSwitchTimerLists
                0x0800abac       0xcc ./Middlewares/Third_Party/FreeRTOS/timers.o
 .text.prvCheckForValidListAndQueue
                0x0800ac78       0x80 ./Middlewares/Third_Party/FreeRTOS/timers.o
 .text.memset   0x0800acf8       0x10 /opt/st/stm32cubeide_1.15.0/plugins/com.st.stm32cube.ide.mcu.externaltools.gnu-tools-for-stm32.12.3.rel1.linux64_1.0.100.202403111256/tools/bin/../lib/gcc/arm-none-eabi/12.3.1/../../../../arm-none-eabi/lib/thumb/v7e-m+dp/hard/libc_nano.a(libc_a-memset.o)
                0x0800acf8                memset
 .text._reclaim_reent
                0x0800ad08       0xac /opt/st/stm32cubeide_1.15.0/plugins/com.st.stm32cube.ide.mcu.externaltools.gnu-tools-for-stm32.12.3.rel1.linux64_1.0.100.202403111256/tools/bin/../lib/gcc/arm-none-eabi/12.3.1/../../../../arm-none-eabi/lib/thumb/v7e-m+dp/hard/libc_nano.a(libc_a-reent.o)
                0x0800ad08                _reclaim_reent
 .text.__libc_init_array
                0x0800adb4       0x48 /opt/st/stm32cubeide_1.15.0/plugins/com.st.stm32cube.ide.mcu.externaltools.gnu-tools-for-stm32.12.3.rel1.linux64_1.0.100.202403111256/tools/bin/../lib/gcc/arm-none-eabi/12.3.1/../../../../arm-none-eabi/lib/thumb/v7e-m+dp/hard/libc_nano.a(libc_a-init.o)
                0x0800adb4                __libc_init_array
 .text.__retarget_lock_acquire_recursive
                0x0800adfc        0x2 /opt/st/stm32cubeide_1.15.0/plugins/com.st.stm32cube.ide.mcu.externaltools.gnu-tools-for-stm32.12.3.rel1.linux64_1.0.100.202403111256/tools/bin/../lib/gcc/arm-none-eabi/12.3.1/../../../../arm-none-eabi/lib/thumb/v7e-m+dp/hard/libc_nano.a(libc_a-lock.o)
                0x0800adfc                __retarget_lock_acquire_recursive
 .text.__retarget_lock_release_recursive
                0x0800adfe        0x2 /opt/st/stm32cubeide_1.15.0/plugins/com.st.stm32cube.ide.mcu.externaltools.gnu-tools-for-stm32.12.3.rel1.linux64_1.0.100.202403111256/tools/bin/../lib/gcc/arm-none-eabi/12.3.1/../../../../arm-none-eabi/lib/thumb/v7e-m+dp/hard/libc_nano.a(libc_a-lock.o)
                0x0800adfe                __retarget_lock_release_recursive
 .text.memcpy   0x0800ae00       0x1c /opt/st/stm32cubeide_1.15.0/plugins/com.st.stm32cube.ide.mcu.externaltools.gnu-tools-for-stm32.12.3.rel1.linux64_1.0.100.202403111256/tools/bin/../lib/gcc/arm-none-eabi/12.3.1/../../../../arm-none-eabi/lib/thumb/v7e-m+dp/hard/libc_nano.a(libc_a-memcpy-stub.o)
                0x0800ae00                memcpy
 .text._free_r  0x0800ae1c       0x94 /opt/st/stm32cubeide_1.15.0/plugins/com.st.stm32cube.ide.mcu.externaltools.gnu-tools-for-stm32.12.3.rel1.linux64_1.0.100.202403111256/tools/bin/../lib/gcc/arm-none-eabi/12.3.1/../../../../arm-none-eabi/lib/thumb/v7e-m+dp/hard/libc_nano.a(libc_a-freer.o)
                0x0800ae1c                _free_r
 .text.__malloc_lock
                0x0800aeb0        0xc /opt/st/stm32cubeide_1.15.0/plugins/com.st.stm32cube.ide.mcu.externaltools.gnu-tools-for-stm32.12.3.rel1.linux64_1.0.100.202403111256/tools/bin/../lib/gcc/arm-none-eabi/12.3.1/../../../../arm-none-eabi/lib/thumb/v7e-m+dp/hard/libc_nano.a(libc_a-mlock.o)
                0x0800aeb0                __malloc_lock
 .text.__malloc_unlock
                0x0800aebc        0xc /opt/st/stm32cubeide_1.15.0/plugins/com.st.stm32cube.ide.mcu.externaltools.gnu-tools-for-stm32.12.3.rel1.linux64_1.0.100.202403111256/tools/bin/../lib/gcc/arm-none-eabi/12.3.1/../../../../arm-none-eabi/lib/thumb/v7e-m+dp/hard/libc_nano.a(libc_a-mlock.o)
                0x0800aebc                __malloc_unlock
 *(.glue_7)
 .glue_7        0x0800aec8        0x0 linker stubs
 *(.glue_7t)
 .glue_7t       0x0800aec8        0x0 linker stubs
 *(.eh_frame)
 .eh_frame      0x0800aec8        0x0 /opt/st/stm32cubeide_1.15.0/plugins/com.st.stm32cube.ide.mcu.externaltools.gnu-tools-for-stm32.12.3.rel1.linux64_1.0.100.202403111256/tools/bin/../lib/gcc/arm-none-eabi/12.3.1/thumb/v7e-m+dp/hard/crtbegin.o
 *(.init)
 .init          0x0800aec8        0x4 /opt/st/stm32cubeide_1.15.0/plugins/com.st.stm32cube.ide.mcu.externaltools.gnu-tools-for-stm32.12.3.rel1.linux64_1.0.100.202403111256/tools/bin/../lib/gcc/arm-none-eabi/12.3.1/thumb/v7e-m+dp/hard/crti.o
                0x0800aec8                _init
 .init          0x0800aecc        0x8 /opt/st/stm32cubeide_1.15.0/plugins/com.st.stm32cube.ide.mcu.externaltools.gnu-tools-for-stm32.12.3.rel1.linux64_1.0.100.202403111256/tools/bin/../lib/gcc/arm-none-eabi/12.3.1/thumb/v7e-m+dp/hard/crtn.o
 *(.fini)
 .fini          0x0800aed4        0x4 /opt/st/stm32cubeide_1.15.0/plugins/com.st.stm32cube.ide.mcu.externaltools.gnu-tools-for-stm32.12.3.rel1.linux64_1.0.100.202403111256/tools/bin/../lib/gcc/arm-none-eabi/12.3.1/thumb/v7e-m+dp/hard/crti.o
                0x0800aed4                _fini
 .fini          0x0800aed8        0x8 /opt/st/stm32cubeide_1.15.0/plugins/com.st.stm32cube.ide.mcu.externaltools.gnu-tools-for-stm32.12.3.rel1.linux64_1.0.100.202403111256/tools/bin/../lib/gcc/arm-none-eabi/12.3.1/thumb/v7e-m+dp/hard/crtn.o
                0x0800aee0                        . = ALIGN (0x4)
                0x0800aee0                        _etext = .

.vfp11_veneer   0x0800aee0        0x0
 .vfp11_veneer  0x0800aee0        0x0 linker stubs

.v4_bx          0x0800aee0        0x0
 .v4_bx         0x0800aee0        0x0 linker stubs

.iplt           0x0800aee0        0x0
 .iplt          0x0800aee0        0x0 /opt/st/stm32cubeide_1.15.0/plugins/com.st.stm32cube.ide.mcu.externaltools.gnu-tools-for-stm32.12.3.rel1.linux64_1.0.100.202403111256/tools/bin/../lib/gcc/arm-none-eabi/12.3.1/thumb/v7e-m+dp/hard/crtbegin.o

.rodata         0x0800aee0       0xb0
                0x0800aee0                        . = ALIGN (0x4)
 *(.rodata)
 .rodata        0x0800aee0       0x15 ./Core/Src/main.o
 *fill*         0x0800aef5        0x3 
 .rodata        0x0800aef8        0x5 ./Middlewares/Third_Party/FreeRTOS/tasks.o
 *fill*         0x0800aefd        0x3 
 .rodata        0x0800af00        0xd ./Middlewares/Third_Party/FreeRTOS/timers.o
 *(.rodata*)
 *fill*         0x0800af0d        0x3 
 .rodata.D1CorePrescTable
                0x0800af10       0x10 ./Common/Src/system_stm32h7xx_dualcore_boot_cm4_cm7.o
                0x0800af10                D1CorePrescTable
 .rodata._ZL22defaultTask_attributes
                0x0800af20       0x24 ./Core/Src/main.o
 .rodata._ZL19TestTask_attributes
                0x0800af44       0x24 ./Core/Src/main.o
 .rodata.UARTPrescTable
                0x0800af68       0x18 ./Drivers/STM32H7xx_HAL_Driver/stm32h7xx_hal_uart.o
                0x0800af68                UARTPrescTable
 .rodata.numerator.1
                0x0800af80        0x8 ./Drivers/STM32H7xx_HAL_Driver/stm32h7xx_hal_uart_ex.o
 .rodata.denominator.0
                0x0800af88        0x8 ./Drivers/STM32H7xx_HAL_Driver/stm32h7xx_hal_uart_ex.o
                0x0800af90                        . = ALIGN (0x4)

.ARM.extab      0x0800af90        0x0
                0x0800af90                        . = ALIGN (0x4)
 *(.ARM.extab* .gnu.linkonce.armextab.*)
                0x0800af90                        . = ALIGN (0x4)

.ARM            0x0800af90        0x8
                0x0800af90                        . = ALIGN (0x4)
                0x0800af90                        __exidx_start = .
 *(.ARM.exidx*)
 .ARM.exidx     0x0800af90        0x8 /opt/st/stm32cubeide_1.15.0/plugins/com.st.stm32cube.ide.mcu.externaltools.gnu-tools-for-stm32.12.3.rel1.linux64_1.0.100.202403111256/tools/bin/../lib/gcc/arm-none-eabi/12.3.1/thumb/v7e-m+dp/hard/libgcc.a(_udivmoddi4.o)
                0x0800af98                        __exidx_end = .
                0x0800af98                        . = ALIGN (0x4)

.preinit_array  0x0800af98        0x0
                0x0800af98                        . = ALIGN (0x4)
                0x0800af98                        PROVIDE (__preinit_array_start = .)
 *(.preinit_array*)
                0x0800af98                        PROVIDE (__preinit_array_end = .)
                0x0800af98                        . = ALIGN (0x4)

.init_array     0x0800af98        0x4
                0x0800af98                        . = ALIGN (0x4)
                0x0800af98                        PROVIDE (__init_array_start = .)
 *(SORT_BY_NAME(.init_array.*))
 *(.init_array*)
 .init_array    0x0800af98        0x4 /opt/st/stm32cubeide_1.15.0/plugins/com.st.stm32cube.ide.mcu.externaltools.gnu-tools-for-stm32.12.3.rel1.linux64_1.0.100.202403111256/tools/bin/../lib/gcc/arm-none-eabi/12.3.1/thumb/v7e-m+dp/hard/crtbegin.o
                0x0800af9c                        PROVIDE (__init_array_end = .)
                0x0800af9c                        . = ALIGN (0x4)

.fini_array     0x0800af9c        0x4
                0x0800af9c                        . = ALIGN (0x4)
                [!provide]                        PROVIDE (__fini_array_start = .)
 *(SORT_BY_NAME(.fini_array.*))
 *(.fini_array*)
 .fini_array    0x0800af9c        0x4 /opt/st/stm32cubeide_1.15.0/plugins/com.st.stm32cube.ide.mcu.externaltools.gnu-tools-for-stm32.12.3.rel1.linux64_1.0.100.202403111256/tools/bin/../lib/gcc/arm-none-eabi/12.3.1/thumb/v7e-m+dp/hard/crtbegin.o
                [!provide]                        PROVIDE (__fini_array_end = .)
                0x0800afa0                        . = ALIGN (0x4)
                0x0800afa0                        _sidata = LOADADDR (.data)

.rel.dyn        0x0800afa0        0x0
 .rel.iplt      0x0800afa0        0x0 /opt/st/stm32cubeide_1.15.0/plugins/com.st.stm32cube.ide.mcu.externaltools.gnu-tools-for-stm32.12.3.rel1.linux64_1.0.100.202403111256/tools/bin/../lib/gcc/arm-none-eabi/12.3.1/thumb/v7e-m+dp/hard/crtbegin.o

.data           0x24000000       0x64 load address 0x0800afa0
                0x24000000                        . = ALIGN (0x4)
                0x24000000                        _sdata = .
 *(.data)
 *(.data*)
 .data.SystemCoreClock
                0x24000000        0x4 ./Common/Src/system_stm32h7xx_dualcore_boot_cm4_cm7.o
                0x24000000                SystemCoreClock
 .data.SystemD2Clock
                0x24000004        0x4 ./Common/Src/system_stm32h7xx_dualcore_boot_cm4_cm7.o
                0x24000004                SystemD2Clock
 .data.uwTickPrio
                0x24000008        0x4 ./Drivers/STM32H7xx_HAL_Driver/stm32h7xx_hal.o
                0x24000008                uwTickPrio
 .data.uwTickFreq
                0x2400000c        0x1 ./Drivers/STM32H7xx_HAL_Driver/stm32h7xx_hal.o
                0x2400000c                uwTickFreq
 *fill*         0x2400000d        0x3 
 .data.uxCriticalNesting
                0x24000010        0x4 ./Middlewares/Third_Party/FreeRTOS/port.o
 .data._impure_ptr
                0x24000014        0x4 /opt/st/stm32cubeide_1.15.0/plugins/com.st.stm32cube.ide.mcu.externaltools.gnu-tools-for-stm32.12.3.rel1.linux64_1.0.100.202403111256/tools/bin/../lib/gcc/arm-none-eabi/12.3.1/../../../../arm-none-eabi/lib/thumb/v7e-m+dp/hard/libc_nano.a(libc_a-impure.o)
                0x24000014                _impure_ptr
 .data._impure_data
                0x24000018       0x4c /opt/st/stm32cubeide_1.15.0/plugins/com.st.stm32cube.ide.mcu.externaltools.gnu-tools-for-stm32.12.3.rel1.linux64_1.0.100.202403111256/tools/bin/../lib/gcc/arm-none-eabi/12.3.1/../../../../arm-none-eabi/lib/thumb/v7e-m+dp/hard/libc_nano.a(libc_a-impure.o)
                0x24000018                _impure_data
 *(.RamFunc)
 *(.RamFunc*)
                0x24000064                        . = ALIGN (0x4)
                0x24000064                        _edata = .

.igot.plt       0x24000064        0x0 load address 0x0800b004
 .igot.plt      0x24000064        0x0 /opt/st/stm32cubeide_1.15.0/plugins/com.st.stm32cube.ide.mcu.externaltools.gnu-tools-for-stm32.12.3.rel1.linux64_1.0.100.202403111256/tools/bin/../lib/gcc/arm-none-eabi/12.3.1/thumb/v7e-m+dp/hard/crtbegin.o

.RxDecripSection
                0x24000064       0x60 load address 0x0800b004
 .RxDecripSection
                0x24000064       0x60 ./Core/Src/main.o
                0x24000064                DMARxDscrTab

.TxDecripSection
                0x240000c4       0x60 load address 0x0800b064
 .TxDecripSection
                0x240000c4       0x60 ./Core/Src/main.o
                0x240000c4                DMATxDscrTab
                0x24000124                        . = ALIGN (0x4)

.bss            0x24000124     0x5268 load address 0x0800b0c4
                0x24000124                        _sbss = .
                0x24000124                        __bss_start__ = _sbss
 *(.bss)
 .bss           0x24000124       0x1c /opt/st/stm32cubeide_1.15.0/plugins/com.st.stm32cube.ide.mcu.externaltools.gnu-tools-for-stm32.12.3.rel1.linux64_1.0.100.202403111256/tools/bin/../lib/gcc/arm-none-eabi/12.3.1/thumb/v7e-m+dp/hard/crtbegin.o
 *(.bss*)
 .bss.pres      0x24000140        0x4 ./Core/Src/main.o
                0x24000140                pres
 .bss.tim_freq  0x24000144        0x4 ./Core/Src/main.o
                0x24000144                tim_freq
 .bss.dutyC     0x24000148        0x4 ./Core/Src/main.o
                0x24000148                dutyC
 .bss.arr       0x2400014c        0x4 ./Core/Src/main.o
                0x2400014c                arr
 .bss.arr2      0x24000150        0x4 ./Core/Src/main.o
                0x24000150                arr2
 .bss.ccr       0x24000154        0x4 ./Core/Src/main.o
                0x24000154                ccr
 .bss.TxConfig  0x24000158       0x38 ./Core/Src/main.o
                0x24000158                TxConfig
 .bss.heth      0x24000190       0xb0 ./Core/Src/main.o
                0x24000190                heth
 .bss.htim5     0x24000240       0x4c ./Core/Src/main.o
                0x24000240                htim5
 .bss.huart3    0x2400028c       0x94 ./Core/Src/main.o
                0x2400028c                huart3
 .bss.hpcd_USB_OTG_FS
                0x24000320      0x4e4 ./Core/Src/main.o
                0x24000320                hpcd_USB_OTG_FS
 .bss.defaultTaskHandle
                0x24000804        0x4 ./Core/Src/main.o
                0x24000804                defaultTaskHandle
 .bss.TestTaskHandle
                0x24000808        0x4 ./Core/Src/main.o
                0x24000808                TestTaskHandle
 .bss._ZZL11MX_ETH_InitvE7MACAddr
                0x2400080c        0x6 ./Core/Src/main.o
 *fill*         0x24000812        0x2 
 .bss.htim15    0x24000814       0x4c ./Core/Src/stm32h7xx_hal_timebase_tim.o
                0x24000814                htim15
 .bss.uwTick    0x24000860        0x4 ./Drivers/STM32H7xx_HAL_Driver/stm32h7xx_hal.o
                0x24000860                uwTick
 .bss.KernelState
                0x24000864        0x4 ./Middlewares/Third_Party/FreeRTOS/cmsis_os2.o
 .bss.Idle_TCB.3
                0x24000868       0xa8 ./Middlewares/Third_Party/FreeRTOS/cmsis_os2.o
 .bss.Idle_Stack.2
                0x24000910      0x200 ./Middlewares/Third_Party/FreeRTOS/cmsis_os2.o
 .bss.Timer_TCB.1
                0x24000b10       0xa8 ./Middlewares/Third_Party/FreeRTOS/cmsis_os2.o
 .bss.Timer_Stack.0
                0x24000bb8      0x400 ./Middlewares/Third_Party/FreeRTOS/cmsis_os2.o
 .bss.ucHeap    0x24000fb8     0x3c00 ./Middlewares/Third_Party/FreeRTOS/heap_4.o
 .bss.xStart    0x24004bb8        0x8 ./Middlewares/Third_Party/FreeRTOS/heap_4.o
 .bss.pxEnd     0x24004bc0        0x4 ./Middlewares/Third_Party/FreeRTOS/heap_4.o
 .bss.xFreeBytesRemaining
                0x24004bc4        0x4 ./Middlewares/Third_Party/FreeRTOS/heap_4.o
 .bss.xMinimumEverFreeBytesRemaining
                0x24004bc8        0x4 ./Middlewares/Third_Party/FreeRTOS/heap_4.o
 .bss.xNumberOfSuccessfulAllocations
                0x24004bcc        0x4 ./Middlewares/Third_Party/FreeRTOS/heap_4.o
 .bss.xNumberOfSuccessfulFrees
                0x24004bd0        0x4 ./Middlewares/Third_Party/FreeRTOS/heap_4.o
 .bss.xBlockAllocatedBit
                0x24004bd4        0x4 ./Middlewares/Third_Party/FreeRTOS/heap_4.o
 .bss.ucMaxSysCallPriority
                0x24004bd8        0x1 ./Middlewares/Third_Party/FreeRTOS/port.o
 *fill*         0x24004bd9        0x3 
 .bss.ulMaxPRIGROUPValue
                0x24004bdc        0x4 ./Middlewares/Third_Party/FreeRTOS/port.o
 .bss.xQueueRegistry
                0x24004be0       0x40 ./Middlewares/Third_Party/FreeRTOS/queue.o
                0x24004be0                xQueueRegistry
 .bss.pxCurrentTCB
                0x24004c20        0x4 ./Middlewares/Third_Party/FreeRTOS/tasks.o
                0x24004c20                pxCurrentTCB
 .bss.pxReadyTasksLists
                0x24004c24      0x460 ./Middlewares/Third_Party/FreeRTOS/tasks.o
 .bss.xDelayedTaskList1
                0x24005084       0x14 ./Middlewares/Third_Party/FreeRTOS/tasks.o
 .bss.xDelayedTaskList2
                0x24005098       0x14 ./Middlewares/Third_Party/FreeRTOS/tasks.o
 .bss.pxDelayedTaskList
                0x240050ac        0x4 ./Middlewares/Third_Party/FreeRTOS/tasks.o
 .bss.pxOverflowDelayedTaskList
                0x240050b0        0x4 ./Middlewares/Third_Party/FreeRTOS/tasks.o
 .bss.xPendingReadyList
                0x240050b4       0x14 ./Middlewares/Third_Party/FreeRTOS/tasks.o
 .bss.xTasksWaitingTermination
                0x240050c8       0x14 ./Middlewares/Third_Party/FreeRTOS/tasks.o
 .bss.uxDeletedTasksWaitingCleanUp
                0x240050dc        0x4 ./Middlewares/Third_Party/FreeRTOS/tasks.o
 .bss.xSuspendedTaskList
                0x240050e0       0x14 ./Middlewares/Third_Party/FreeRTOS/tasks.o
 .bss.uxCurrentNumberOfTasks
                0x240050f4        0x4 ./Middlewares/Third_Party/FreeRTOS/tasks.o
 .bss.xTickCount
                0x240050f8        0x4 ./Middlewares/Third_Party/FreeRTOS/tasks.o
 .bss.uxTopReadyPriority
                0x240050fc        0x4 ./Middlewares/Third_Party/FreeRTOS/tasks.o
 .bss.xSchedulerRunning
                0x24005100        0x4 ./Middlewares/Third_Party/FreeRTOS/tasks.o
 .bss.xPendedTicks
                0x24005104        0x4 ./Middlewares/Third_Party/FreeRTOS/tasks.o
 .bss.xYieldPending
                0x24005108        0x4 ./Middlewares/Third_Party/FreeRTOS/tasks.o
 .bss.xNumOfOverflows
                0x2400510c        0x4 ./Middlewares/Third_Party/FreeRTOS/tasks.o
 .bss.uxTaskNumber
                0x24005110        0x4 ./Middlewares/Third_Party/FreeRTOS/tasks.o
 .bss.xNextTaskUnblockTime
                0x24005114        0x4 ./Middlewares/Third_Party/FreeRTOS/tasks.o
 .bss.xIdleTaskHandle
                0x24005118        0x4 ./Middlewares/Third_Party/FreeRTOS/tasks.o
 .bss.uxSchedulerSuspended
                0x2400511c        0x4 ./Middlewares/Third_Party/FreeRTOS/tasks.o
 .bss.xActiveTimerList1
                0x24005120       0x14 ./Middlewares/Third_Party/FreeRTOS/timers.o
 .bss.xActiveTimerList2
                0x24005134       0x14 ./Middlewares/Third_Party/FreeRTOS/timers.o
 .bss.pxCurrentTimerList
                0x24005148        0x4 ./Middlewares/Third_Party/FreeRTOS/timers.o
 .bss.pxOverflowTimerList
                0x2400514c        0x4 ./Middlewares/Third_Party/FreeRTOS/timers.o
 .bss.xTimerQueue
                0x24005150        0x4 ./Middlewares/Third_Party/FreeRTOS/timers.o
 .bss.xTimerTaskHandle
                0x24005154        0x4 ./Middlewares/Third_Party/FreeRTOS/timers.o
 .bss.xLastTime.2
                0x24005158        0x4 ./Middlewares/Third_Party/FreeRTOS/timers.o
 .bss.ucStaticTimerQueueStorage.1
                0x2400515c       0xa0 ./Middlewares/Third_Party/FreeRTOS/timers.o
 .bss.xStaticTimerQueue.0
                0x240051fc       0x50 ./Middlewares/Third_Party/FreeRTOS/timers.o
 .bss.__sf      0x2400524c      0x138 /opt/st/stm32cubeide_1.15.0/plugins/com.st.stm32cube.ide.mcu.externaltools.gnu-tools-for-stm32.12.3.rel1.linux64_1.0.100.202403111256/tools/bin/../lib/gcc/arm-none-eabi/12.3.1/../../../../arm-none-eabi/lib/thumb/v7e-m+dp/hard/libc_nano.a(libc_a-findfp.o)
                0x2400524c                __sf
 .bss.__lock___malloc_recursive_mutex
                0x24005384        0x1 /opt/st/stm32cubeide_1.15.0/plugins/com.st.stm32cube.ide.mcu.externaltools.gnu-tools-for-stm32.12.3.rel1.linux64_1.0.100.202403111256/tools/bin/../lib/gcc/arm-none-eabi/12.3.1/../../../../arm-none-eabi/lib/thumb/v7e-m+dp/hard/libc_nano.a(libc_a-lock.o)
                0x24005384                __lock___malloc_recursive_mutex
 *fill*         0x24005385        0x3 
 .bss.__malloc_free_list
                0x24005388        0x4 /opt/st/stm32cubeide_1.15.0/plugins/com.st.stm32cube.ide.mcu.externaltools.gnu-tools-for-stm32.12.3.rel1.linux64_1.0.100.202403111256/tools/bin/../lib/gcc/arm-none-eabi/12.3.1/../../../../arm-none-eabi/lib/thumb/v7e-m+dp/hard/libc_nano.a(libc_a-mallocr.o)
                0x24005388                __malloc_free_list
 *(COMMON)
                0x2400538c                        . = ALIGN (0x4)
                0x2400538c                        _ebss = .
                0x2400538c                        __bss_end__ = _ebss

._user_heap_stack
                0x2400538c      0x604 load address 0x0800b0c4
                0x24005390                        . = ALIGN (0x8)
 *fill*         0x2400538c        0x4 
                [!provide]                        PROVIDE (end = .)
                0x24005390                        PROVIDE (_end = .)
                0x24005590                        . = (. + _Min_Heap_Size)
 *fill*         0x24005390      0x200 
                0x24005990                        . = (. + _Min_Stack_Size)
 *fill*         0x24005590      0x400 
                0x24005990                        . = ALIGN (0x8)

/DISCARD/
 libc.a(*)
 libm.a(*)
 libgcc.a(*)

.ARM.attributes
                0x00000000       0x2e
 *(.ARM.attributes)
 .ARM.attributes
                0x00000000       0x20 /opt/st/stm32cubeide_1.15.0/plugins/com.st.stm32cube.ide.mcu.externaltools.gnu-tools-for-stm32.12.3.rel1.linux64_1.0.100.202403111256/tools/bin/../lib/gcc/arm-none-eabi/12.3.1/thumb/v7e-m+dp/hard/crti.o
 .ARM.attributes
                0x00000020       0x32 /opt/st/stm32cubeide_1.15.0/plugins/com.st.stm32cube.ide.mcu.externaltools.gnu-tools-for-stm32.12.3.rel1.linux64_1.0.100.202403111256/tools/bin/../lib/gcc/arm-none-eabi/12.3.1/thumb/v7e-m+dp/hard/crtbegin.o
 .ARM.attributes
                0x00000052       0x32 ./Common/Src/system_stm32h7xx_dualcore_boot_cm4_cm7.o
 .ARM.attributes
                0x00000084       0x32 ./Core/Src/ControllerPWM.o
 .ARM.attributes
                0x000000b6       0x32 ./Core/Src/main.o
 .ARM.attributes
                0x000000e8       0x32 ./Core/Src/stm32h7xx_hal_msp.o
 .ARM.attributes
                0x0000011a       0x32 ./Core/Src/stm32h7xx_hal_timebase_tim.o
 .ARM.attributes
                0x0000014c       0x32 ./Core/Src/stm32h7xx_it.o
 .ARM.attributes
                0x0000017e       0x21 ./Core/Startup/startup_stm32h745zitx.o
 .ARM.attributes
                0x0000019f       0x32 ./Drivers/STM32H7xx_HAL_Driver/stm32h7xx_hal.o
 .ARM.attributes
                0x000001d1       0x32 ./Drivers/STM32H7xx_HAL_Driver/stm32h7xx_hal_cortex.o
 .ARM.attributes
                0x00000203       0x32 ./Drivers/STM32H7xx_HAL_Driver/stm32h7xx_hal_eth.o
 .ARM.attributes
                0x00000235       0x32 ./Drivers/STM32H7xx_HAL_Driver/stm32h7xx_hal_gpio.o
 .ARM.attributes
                0x00000267       0x32 ./Drivers/STM32H7xx_HAL_Driver/stm32h7xx_hal_hsem.o
 .ARM.attributes
                0x00000299       0x32 ./Drivers/STM32H7xx_HAL_Driver/stm32h7xx_hal_pcd.o
 .ARM.attributes
                0x000002cb       0x32 ./Drivers/STM32H7xx_HAL_Driver/stm32h7xx_hal_pcd_ex.o
 .ARM.attributes
                0x000002fd       0x32 ./Drivers/STM32H7xx_HAL_Driver/stm32h7xx_hal_pwr_ex.o
 .ARM.attributes
                0x0000032f       0x32 ./Drivers/STM32H7xx_HAL_Driver/stm32h7xx_hal_rcc.o
 .ARM.attributes
                0x00000361       0x32 ./Drivers/STM32H7xx_HAL_Driver/stm32h7xx_hal_rcc_ex.o
 .ARM.attributes
                0x00000393       0x32 ./Drivers/STM32H7xx_HAL_Driver/stm32h7xx_hal_tim.o
 .ARM.attributes
                0x000003c5       0x32 ./Drivers/STM32H7xx_HAL_Driver/stm32h7xx_hal_tim_ex.o
 .ARM.attributes
                0x000003f7       0x32 ./Drivers/STM32H7xx_HAL_Driver/stm32h7xx_hal_uart.o
 .ARM.attributes
                0x00000429       0x32 ./Drivers/STM32H7xx_HAL_Driver/stm32h7xx_hal_uart_ex.o
 .ARM.attributes
                0x0000045b       0x32 ./Drivers/STM32H7xx_HAL_Driver/stm32h7xx_ll_usb.o
 .ARM.attributes
                0x0000048d       0x32 ./Middlewares/Third_Party/FreeRTOS/cmsis_os2.o
 .ARM.attributes
                0x000004bf       0x32 ./Middlewares/Third_Party/FreeRTOS/heap_4.o
 .ARM.attributes
                0x000004f1       0x32 ./Middlewares/Third_Party/FreeRTOS/list.o
 .ARM.attributes
                0x00000523       0x32 ./Middlewares/Third_Party/FreeRTOS/port.o
 .ARM.attributes
                0x00000555       0x32 ./Middlewares/Third_Party/FreeRTOS/queue.o
 .ARM.attributes
                0x00000587       0x32 ./Middlewares/Third_Party/FreeRTOS/tasks.o
 .ARM.attributes
                0x000005b9       0x32 ./Middlewares/Third_Party/FreeRTOS/timers.o
 .ARM.attributes
                0x000005eb       0x32 /opt/st/stm32cubeide_1.15.0/plugins/com.st.stm32cube.ide.mcu.externaltools.gnu-tools-for-stm32.12.3.rel1.linux64_1.0.100.202403111256/tools/bin/../lib/gcc/arm-none-eabi/12.3.1/../../../../arm-none-eabi/lib/thumb/v7e-m+dp/hard/libc_nano.a(libc_a-findfp.o)
 .ARM.attributes
                0x0000061d       0x32 /opt/st/stm32cubeide_1.15.0/plugins/com.st.stm32cube.ide.mcu.externaltools.gnu-tools-for-stm32.12.3.rel1.linux64_1.0.100.202403111256/tools/bin/../lib/gcc/arm-none-eabi/12.3.1/../../../../arm-none-eabi/lib/thumb/v7e-m+dp/hard/libc_nano.a(libc_a-memset.o)
 .ARM.attributes
                0x0000064f       0x32 /opt/st/stm32cubeide_1.15.0/plugins/com.st.stm32cube.ide.mcu.externaltools.gnu-tools-for-stm32.12.3.rel1.linux64_1.0.100.202403111256/tools/bin/../lib/gcc/arm-none-eabi/12.3.1/../../../../arm-none-eabi/lib/thumb/v7e-m+dp/hard/libc_nano.a(libc_a-reent.o)
 .ARM.attributes
                0x00000681       0x32 /opt/st/stm32cubeide_1.15.0/plugins/com.st.stm32cube.ide.mcu.externaltools.gnu-tools-for-stm32.12.3.rel1.linux64_1.0.100.202403111256/tools/bin/../lib/gcc/arm-none-eabi/12.3.1/../../../../arm-none-eabi/lib/thumb/v7e-m+dp/hard/libc_nano.a(libc_a-impure.o)
 .ARM.attributes
                0x000006b3       0x32 /opt/st/stm32cubeide_1.15.0/plugins/com.st.stm32cube.ide.mcu.externaltools.gnu-tools-for-stm32.12.3.rel1.linux64_1.0.100.202403111256/tools/bin/../lib/gcc/arm-none-eabi/12.3.1/../../../../arm-none-eabi/lib/thumb/v7e-m+dp/hard/libc_nano.a(libc_a-init.o)
 .ARM.attributes
                0x000006e5       0x32 /opt/st/stm32cubeide_1.15.0/plugins/com.st.stm32cube.ide.mcu.externaltools.gnu-tools-for-stm32.12.3.rel1.linux64_1.0.100.202403111256/tools/bin/../lib/gcc/arm-none-eabi/12.3.1/../../../../arm-none-eabi/lib/thumb/v7e-m+dp/hard/libc_nano.a(libc_a-lock.o)
 .ARM.attributes
                0x00000717       0x32 /opt/st/stm32cubeide_1.15.0/plugins/com.st.stm32cube.ide.mcu.externaltools.gnu-tools-for-stm32.12.3.rel1.linux64_1.0.100.202403111256/tools/bin/../lib/gcc/arm-none-eabi/12.3.1/../../../../arm-none-eabi/lib/thumb/v7e-m+dp/hard/libc_nano.a(libc_a-memcpy-stub.o)
 .ARM.attributes
                0x00000749       0x32 /opt/st/stm32cubeide_1.15.0/plugins/com.st.stm32cube.ide.mcu.externaltools.gnu-tools-for-stm32.12.3.rel1.linux64_1.0.100.202403111256/tools/bin/../lib/gcc/arm-none-eabi/12.3.1/../../../../arm-none-eabi/lib/thumb/v7e-m+dp/hard/libc_nano.a(libc_a-freer.o)
 .ARM.attributes
                0x0000077b       0x32 /opt/st/stm32cubeide_1.15.0/plugins/com.st.stm32cube.ide.mcu.externaltools.gnu-tools-for-stm32.12.3.rel1.linux64_1.0.100.202403111256/tools/bin/../lib/gcc/arm-none-eabi/12.3.1/../../../../arm-none-eabi/lib/thumb/v7e-m+dp/hard/libc_nano.a(libc_a-mallocr.o)
 .ARM.attributes
                0x000007ad       0x32 /opt/st/stm32cubeide_1.15.0/plugins/com.st.stm32cube.ide.mcu.externaltools.gnu-tools-for-stm32.12.3.rel1.linux64_1.0.100.202403111256/tools/bin/../lib/gcc/arm-none-eabi/12.3.1/../../../../arm-none-eabi/lib/thumb/v7e-m+dp/hard/libc_nano.a(libc_a-mlock.o)
 .ARM.attributes
                0x000007df       0x20 /opt/st/stm32cubeide_1.15.0/plugins/com.st.stm32cube.ide.mcu.externaltools.gnu-tools-for-stm32.12.3.rel1.linux64_1.0.100.202403111256/tools/bin/../lib/gcc/arm-none-eabi/12.3.1/thumb/v7e-m+dp/hard/libgcc.a(_aeabi_uldivmod.o)
 .ARM.attributes
                0x000007ff       0x32 /opt/st/stm32cubeide_1.15.0/plugins/com.st.stm32cube.ide.mcu.externaltools.gnu-tools-for-stm32.12.3.rel1.linux64_1.0.100.202403111256/tools/bin/../lib/gcc/arm-none-eabi/12.3.1/thumb/v7e-m+dp/hard/libgcc.a(_udivmoddi4.o)
 .ARM.attributes
                0x00000831       0x20 /opt/st/stm32cubeide_1.15.0/plugins/com.st.stm32cube.ide.mcu.externaltools.gnu-tools-for-stm32.12.3.rel1.linux64_1.0.100.202403111256/tools/bin/../lib/gcc/arm-none-eabi/12.3.1/thumb/v7e-m+dp/hard/libgcc.a(_dvmd_tls.o)
 .ARM.attributes
                0x00000851       0x20 /opt/st/stm32cubeide_1.15.0/plugins/com.st.stm32cube.ide.mcu.externaltools.gnu-tools-for-stm32.12.3.rel1.linux64_1.0.100.202403111256/tools/bin/../lib/gcc/arm-none-eabi/12.3.1/thumb/v7e-m+dp/hard/crtn.o
OUTPUT(testH7_CM7.elf elf32-littlearm)
LOAD linker stubs
LOAD /opt/st/stm32cubeide_1.15.0/plugins/com.st.stm32cube.ide.mcu.externaltools.gnu-tools-for-stm32.12.3.rel1.linux64_1.0.100.202403111256/tools/bin/../lib/gcc/arm-none-eabi/12.3.1/../../../../arm-none-eabi/lib/thumb/v7e-m+dp/hard/libc.a
LOAD /opt/st/stm32cubeide_1.15.0/plugins/com.st.stm32cube.ide.mcu.externaltools.gnu-tools-for-stm32.12.3.rel1.linux64_1.0.100.202403111256/tools/bin/../lib/gcc/arm-none-eabi/12.3.1/../../../../arm-none-eabi/lib/thumb/v7e-m+dp/hard/libm.a
LOAD /opt/st/stm32cubeide_1.15.0/plugins/com.st.stm32cube.ide.mcu.externaltools.gnu-tools-for-stm32.12.3.rel1.linux64_1.0.100.202403111256/tools/bin/../lib/gcc/arm-none-eabi/12.3.1/thumb/v7e-m+dp/hard/libgcc.a

.debug_info     0x00000000    0x2dc15
 .debug_info    0x00000000      0xdb0 ./Common/Src/system_stm32h7xx_dualcore_boot_cm4_cm7.o
 .debug_info    0x00000db0     0x1ff2 ./Core/Src/ControllerPWM.o
 .debug_info    0x00002da2     0x4ae9 ./Core/Src/main.o
 .debug_info    0x0000788b     0x2d38 ./Core/Src/stm32h7xx_hal_msp.o
 .debug_info    0x0000a5c3     0x10b8 ./Core/Src/stm32h7xx_hal_timebase_tim.o
 .debug_info    0x0000b67b      0x7e6 ./Core/Src/stm32h7xx_it.o
 .debug_info    0x0000be61       0x30 ./Core/Startup/startup_stm32h745zitx.o
 .debug_info    0x0000be91     0x1774 ./Drivers/STM32H7xx_HAL_Driver/stm32h7xx_hal.o
 .debug_info    0x0000d605     0x10ca ./Drivers/STM32H7xx_HAL_Driver/stm32h7xx_hal_cortex.o
 .debug_info    0x0000e6cf     0x2a4b ./Drivers/STM32H7xx_HAL_Driver/stm32h7xx_hal_eth.o
 .debug_info    0x0001111a      0xcf7 ./Drivers/STM32H7xx_HAL_Driver/stm32h7xx_hal_gpio.o
 .debug_info    0x00011e11      0x3d3 ./Drivers/STM32H7xx_HAL_Driver/stm32h7xx_hal_hsem.o
 .debug_info    0x000121e4     0x1561 ./Drivers/STM32H7xx_HAL_Driver/stm32h7xx_hal_pcd.o
 .debug_info    0x00013745      0x8b3 ./Drivers/STM32H7xx_HAL_Driver/stm32h7xx_hal_pcd_ex.o
 .debug_info    0x00013ff8     0x121b ./Drivers/STM32H7xx_HAL_Driver/stm32h7xx_hal_pwr_ex.o
 .debug_info    0x00015213      0xe58 ./Drivers/STM32H7xx_HAL_Driver/stm32h7xx_hal_rcc.o
 .debug_info    0x0001606b     0x12f4 ./Drivers/STM32H7xx_HAL_Driver/stm32h7xx_hal_rcc_ex.o
 .debug_info    0x0001735f     0x2bae ./Drivers/STM32H7xx_HAL_Driver/stm32h7xx_hal_tim.o
 .debug_info    0x00019f0d     0x17eb ./Drivers/STM32H7xx_HAL_Driver/stm32h7xx_hal_tim_ex.o
 .debug_info    0x0001b6f8     0x4b13 ./Drivers/STM32H7xx_HAL_Driver/stm32h7xx_hal_uart.o
 .debug_info    0x0002020b      0xfbf ./Drivers/STM32H7xx_HAL_Driver/stm32h7xx_hal_uart_ex.o
 .debug_info    0x000211ca     0x1a1e ./Drivers/STM32H7xx_HAL_Driver/stm32h7xx_ll_usb.o
 .debug_info    0x00022be8     0x4441 ./Middlewares/Third_Party/FreeRTOS/cmsis_os2.o
 .debug_info    0x00027029      0x4d5 ./Middlewares/Third_Party/FreeRTOS/heap_4.o
 .debug_info    0x000274fe      0x2af ./Middlewares/Third_Party/FreeRTOS/list.o
 .debug_info    0x000277ad      0x4de ./Middlewares/Third_Party/FreeRTOS/port.o
 .debug_info    0x00027c8b     0x1b79 ./Middlewares/Third_Party/FreeRTOS/queue.o
 .debug_info    0x00029804     0x28c1 ./Middlewares/Third_Party/FreeRTOS/tasks.o
 .debug_info    0x0002c0c5     0x1b50 ./Middlewares/Third_Party/FreeRTOS/timers.o

.debug_abbrev   0x00000000     0x4d85
 .debug_abbrev  0x00000000      0x14c ./Common/Src/system_stm32h7xx_dualcore_boot_cm4_cm7.o
 .debug_abbrev  0x0000014c      0x32b ./Core/Src/ControllerPWM.o
 .debug_abbrev  0x00000477      0x4fa ./Core/Src/main.o
 .debug_abbrev  0x00000971      0x2b6 ./Core/Src/stm32h7xx_hal_msp.o
 .debug_abbrev  0x00000c27      0x212 ./Core/Src/stm32h7xx_hal_timebase_tim.o
 .debug_abbrev  0x00000e39      0x17b ./Core/Src/stm32h7xx_it.o
 .debug_abbrev  0x00000fb4       0x24 ./Core/Startup/startup_stm32h745zitx.o
 .debug_abbrev  0x00000fd8      0x295 ./Drivers/STM32H7xx_HAL_Driver/stm32h7xx_hal.o
 .debug_abbrev  0x0000126d      0x339 ./Drivers/STM32H7xx_HAL_Driver/stm32h7xx_hal_cortex.o
 .debug_abbrev  0x000015a6      0x347 ./Drivers/STM32H7xx_HAL_Driver/stm32h7xx_hal_eth.o
 .debug_abbrev  0x000018ed      0x1fe ./Drivers/STM32H7xx_HAL_Driver/stm32h7xx_hal_gpio.o
 .debug_abbrev  0x00001aeb      0x1d3 ./Drivers/STM32H7xx_HAL_Driver/stm32h7xx_hal_hsem.o
 .debug_abbrev  0x00001cbe      0x2dc ./Drivers/STM32H7xx_HAL_Driver/stm32h7xx_hal_pcd.o
 .debug_abbrev  0x00001f9a      0x256 ./Drivers/STM32H7xx_HAL_Driver/stm32h7xx_hal_pcd_ex.o
 .debug_abbrev  0x000021f0      0x2d7 ./Drivers/STM32H7xx_HAL_Driver/stm32h7xx_hal_pwr_ex.o
 .debug_abbrev  0x000024c7      0x2c8 ./Drivers/STM32H7xx_HAL_Driver/stm32h7xx_hal_rcc.o
 .debug_abbrev  0x0000278f      0x269 ./Drivers/STM32H7xx_HAL_Driver/stm32h7xx_hal_rcc_ex.o
 .debug_abbrev  0x000029f8      0x276 ./Drivers/STM32H7xx_HAL_Driver/stm32h7xx_hal_tim.o
 .debug_abbrev  0x00002c6e      0x281 ./Drivers/STM32H7xx_HAL_Driver/stm32h7xx_hal_tim_ex.o
 .debug_abbrev  0x00002eef      0x33d ./Drivers/STM32H7xx_HAL_Driver/stm32h7xx_hal_uart.o
 .debug_abbrev  0x0000322c      0x2d2 ./Drivers/STM32H7xx_HAL_Driver/stm32h7xx_hal_uart_ex.o
 .debug_abbrev  0x000034fe      0x2b3 ./Drivers/STM32H7xx_HAL_Driver/stm32h7xx_ll_usb.o
 .debug_abbrev  0x000037b1      0x54a ./Middlewares/Third_Party/FreeRTOS/cmsis_os2.o
 .debug_abbrev  0x00003cfb      0x21d ./Middlewares/Third_Party/FreeRTOS/heap_4.o
 .debug_abbrev  0x00003f18       0xf5 ./Middlewares/Third_Party/FreeRTOS/list.o
 .debug_abbrev  0x0000400d      0x25c ./Middlewares/Third_Party/FreeRTOS/port.o
 .debug_abbrev  0x00004269      0x3b6 ./Middlewares/Third_Party/FreeRTOS/queue.o
 .debug_abbrev  0x0000461f      0x3fe ./Middlewares/Third_Party/FreeRTOS/tasks.o
 .debug_abbrev  0x00004a1d      0x368 ./Middlewares/Third_Party/FreeRTOS/timers.o

.debug_aranges  0x00000000     0x1e90
 .debug_aranges
                0x00000000       0x28 ./Common/Src/system_stm32h7xx_dualcore_boot_cm4_cm7.o
 .debug_aranges
                0x00000028       0x70 ./Core/Src/ControllerPWM.o
 .debug_aranges
                0x00000098       0x70 ./Core/Src/main.o
 .debug_aranges
                0x00000108       0x68 ./Core/Src/stm32h7xx_hal_msp.o
 .debug_aranges
                0x00000170       0x30 ./Core/Src/stm32h7xx_hal_timebase_tim.o
 .debug_aranges
                0x000001a0       0x50 ./Core/Src/stm32h7xx_it.o
 .debug_aranges
                0x000001f0       0x28 ./Core/Startup/startup_stm32h745zitx.o
 .debug_aranges
                0x00000218      0x200 ./Drivers/STM32H7xx_HAL_Driver/stm32h7xx_hal.o
 .debug_aranges
                0x00000418      0x130 ./Drivers/STM32H7xx_HAL_Driver/stm32h7xx_hal_cortex.o
 .debug_aranges
                0x00000548      0x1d8 ./Drivers/STM32H7xx_HAL_Driver/stm32h7xx_hal_eth.o
 .debug_aranges
                0x00000720       0x58 ./Drivers/STM32H7xx_HAL_Driver/stm32h7xx_hal_gpio.o
 .debug_aranges
                0x00000778       0x70 ./Drivers/STM32H7xx_HAL_Driver/stm32h7xx_hal_hsem.o
 .debug_aranges
                0x000007e8      0x140 ./Drivers/STM32H7xx_HAL_Driver/stm32h7xx_hal_pcd.o
 .debug_aranges
                0x00000928       0x60 ./Drivers/STM32H7xx_HAL_Driver/stm32h7xx_hal_pcd_ex.o
 .debug_aranges
                0x00000988      0x170 ./Drivers/STM32H7xx_HAL_Driver/stm32h7xx_hal_pwr_ex.o
 .debug_aranges
                0x00000af8       0x88 ./Drivers/STM32H7xx_HAL_Driver/stm32h7xx_hal_rcc.o
 .debug_aranges
                0x00000b80      0x100 ./Drivers/STM32H7xx_HAL_Driver/stm32h7xx_hal_rcc_ex.o
 .debug_aranges
                0x00000c80      0x3e0 ./Drivers/STM32H7xx_HAL_Driver/stm32h7xx_hal_tim.o
 .debug_aranges
                0x00001060      0x188 ./Drivers/STM32H7xx_HAL_Driver/stm32h7xx_hal_tim_ex.o
 .debug_aranges
                0x000011e8      0x248 ./Drivers/STM32H7xx_HAL_Driver/stm32h7xx_hal_uart.o
 .debug_aranges
                0x00001430       0xa8 ./Drivers/STM32H7xx_HAL_Driver/stm32h7xx_hal_uart_ex.o
 .debug_aranges
                0x000014d8      0x1a0 ./Drivers/STM32H7xx_HAL_Driver/stm32h7xx_ll_usb.o
 .debug_aranges
                0x00001678      0x2b0 ./Middlewares/Third_Party/FreeRTOS/cmsis_os2.o
 .debug_aranges
                0x00001928       0x58 ./Middlewares/Third_Party/FreeRTOS/heap_4.o
 .debug_aranges
                0x00001980       0x40 ./Middlewares/Third_Party/FreeRTOS/list.o
 .debug_aranges
                0x000019c0       0x80 ./Middlewares/Third_Party/FreeRTOS/port.o
 .debug_aranges
                0x00001a40      0x158 ./Middlewares/Third_Party/FreeRTOS/queue.o
 .debug_aranges
                0x00001b98      0x208 ./Middlewares/Third_Party/FreeRTOS/tasks.o
 .debug_aranges
                0x00001da0       0xf0 ./Middlewares/Third_Party/FreeRTOS/timers.o

.debug_rnglists
                0x00000000     0x17c3
 .debug_rnglists
                0x00000000       0x1b ./Common/Src/system_stm32h7xx_dualcore_boot_cm4_cm7.o
 .debug_rnglists
                0x0000001b       0x4f ./Core/Src/ControllerPWM.o
 .debug_rnglists
                0x0000006a       0x56 ./Core/Src/main.o
 .debug_rnglists
                0x000000c0       0x4d ./Core/Src/stm32h7xx_hal_msp.o
 .debug_rnglists
                0x0000010d       0x20 ./Core/Src/stm32h7xx_hal_timebase_tim.o
 .debug_rnglists
                0x0000012d       0x37 ./Core/Src/stm32h7xx_it.o
 .debug_rnglists
                0x00000164       0x19 ./Core/Startup/startup_stm32h745zitx.o
 .debug_rnglists
                0x0000017d      0x180 ./Drivers/STM32H7xx_HAL_Driver/stm32h7xx_hal.o
 .debug_rnglists
                0x000002fd       0xe0 ./Drivers/STM32H7xx_HAL_Driver/stm32h7xx_hal_cortex.o
 .debug_rnglists
                0x000003dd      0x176 ./Drivers/STM32H7xx_HAL_Driver/stm32h7xx_hal_eth.o
 .debug_rnglists
                0x00000553       0x3f ./Drivers/STM32H7xx_HAL_Driver/stm32h7xx_hal_gpio.o
 .debug_rnglists
                0x00000592       0x4f ./Drivers/STM32H7xx_HAL_Driver/stm32h7xx_hal_hsem.o
 .debug_rnglists
                0x000005e1       0xf4 ./Drivers/STM32H7xx_HAL_Driver/stm32h7xx_hal_pcd.o
 .debug_rnglists
                0x000006d5       0x45 ./Drivers/STM32H7xx_HAL_Driver/stm32h7xx_hal_pcd_ex.o
 .debug_rnglists
                0x0000071a      0x117 ./Drivers/STM32H7xx_HAL_Driver/stm32h7xx_hal_pwr_ex.o
 .debug_rnglists
                0x00000831       0x68 ./Drivers/STM32H7xx_HAL_Driver/stm32h7xx_hal_rcc.o
 .debug_rnglists
                0x00000899       0xc6 ./Drivers/STM32H7xx_HAL_Driver/stm32h7xx_hal_rcc_ex.o
 .debug_rnglists
                0x0000095f      0x328 ./Drivers/STM32H7xx_HAL_Driver/stm32h7xx_hal_tim.o
 .debug_rnglists
                0x00000c87      0x13f ./Drivers/STM32H7xx_HAL_Driver/stm32h7xx_hal_tim_ex.o
 .debug_rnglists
                0x00000dc6      0x1fa ./Drivers/STM32H7xx_HAL_Driver/stm32h7xx_hal_uart.o
 .debug_rnglists
                0x00000fc0       0x7f ./Drivers/STM32H7xx_HAL_Driver/stm32h7xx_hal_uart_ex.o
 .debug_rnglists
                0x0000103f      0x147 ./Drivers/STM32H7xx_HAL_Driver/stm32h7xx_ll_usb.o
 .debug_rnglists
                0x00001186      0x212 ./Middlewares/Third_Party/FreeRTOS/cmsis_os2.o
 .debug_rnglists
                0x00001398       0x42 ./Middlewares/Third_Party/FreeRTOS/heap_4.o
 .debug_rnglists
                0x000013da       0x2b ./Middlewares/Third_Party/FreeRTOS/list.o
 .debug_rnglists
                0x00001405       0x5d ./Middlewares/Third_Party/FreeRTOS/port.o
 .debug_rnglists
                0x00001462      0x109 ./Middlewares/Third_Party/FreeRTOS/queue.o
 .debug_rnglists
                0x0000156b      0x1a0 ./Middlewares/Third_Party/FreeRTOS/tasks.o
 .debug_rnglists
                0x0000170b       0xb8 ./Middlewares/Third_Party/FreeRTOS/timers.o

.debug_macro    0x00000000    0x409b4
 .debug_macro   0x00000000      0x2e0 ./Common/Src/system_stm32h7xx_dualcore_boot_cm4_cm7.o
 .debug_macro   0x000002e0      0xad2 ./Common/Src/system_stm32h7xx_dualcore_boot_cm4_cm7.o
 .debug_macro   0x00000db2       0x2e ./Common/Src/system_stm32h7xx_dualcore_boot_cm4_cm7.o
 .debug_macro   0x00000de0       0x49 ./Common/Src/system_stm32h7xx_dualcore_boot_cm4_cm7.o
 .debug_macro   0x00000e29       0x22 ./Common/Src/system_stm32h7xx_dualcore_boot_cm4_cm7.o
 .debug_macro   0x00000e4b       0x8e ./Common/Src/system_stm32h7xx_dualcore_boot_cm4_cm7.o
 .debug_macro   0x00000ed9       0x51 ./Common/Src/system_stm32h7xx_dualcore_boot_cm4_cm7.o
 .debug_macro   0x00000f2a      0x103 ./Common/Src/system_stm32h7xx_dualcore_boot_cm4_cm7.o
 .debug_macro   0x0000102d       0x6a ./Common/Src/system_stm32h7xx_dualcore_boot_cm4_cm7.o
 .debug_macro   0x00001097      0x1df ./Common/Src/system_stm32h7xx_dualcore_boot_cm4_cm7.o
 .debug_macro   0x00001276       0x1c ./Common/Src/system_stm32h7xx_dualcore_boot_cm4_cm7.o
 .debug_macro   0x00001292       0x22 ./Common/Src/system_stm32h7xx_dualcore_boot_cm4_cm7.o
 .debug_macro   0x000012b4       0xfb ./Common/Src/system_stm32h7xx_dualcore_boot_cm4_cm7.o
 .debug_macro   0x000013af     0x1305 ./Common/Src/system_stm32h7xx_dualcore_boot_cm4_cm7.o
 .debug_macro   0x000026b4      0x11f ./Common/Src/system_stm32h7xx_dualcore_boot_cm4_cm7.o
 .debug_macro   0x000027d3       0x27 ./Common/Src/system_stm32h7xx_dualcore_boot_cm4_cm7.o
 .debug_macro   0x000027fa    0x26dc1 ./Common/Src/system_stm32h7xx_dualcore_boot_cm4_cm7.o
 .debug_macro   0x000295bb       0x6d ./Common/Src/system_stm32h7xx_dualcore_boot_cm4_cm7.o
 .debug_macro   0x00029628      0x244 ./Common/Src/system_stm32h7xx_dualcore_boot_cm4_cm7.o
 .debug_macro   0x0002986c     0x3d79 ./Common/Src/system_stm32h7xx_dualcore_boot_cm4_cm7.o
 .debug_macro   0x0002d5e5      0x189 ./Common/Src/system_stm32h7xx_dualcore_boot_cm4_cm7.o
 .debug_macro   0x0002d76e       0x61 ./Common/Src/system_stm32h7xx_dualcore_boot_cm4_cm7.o
 .debug_macro   0x0002d7cf       0x29 ./Common/Src/system_stm32h7xx_dualcore_boot_cm4_cm7.o
 .debug_macro   0x0002d7f8       0x43 ./Common/Src/system_stm32h7xx_dualcore_boot_cm4_cm7.o
 .debug_macro   0x0002d83b       0x34 ./Common/Src/system_stm32h7xx_dualcore_boot_cm4_cm7.o
 .debug_macro   0x0002d86f       0x16 ./Common/Src/system_stm32h7xx_dualcore_boot_cm4_cm7.o
 .debug_macro   0x0002d885       0x43 ./Common/Src/system_stm32h7xx_dualcore_boot_cm4_cm7.o
 .debug_macro   0x0002d8c8       0x34 ./Common/Src/system_stm32h7xx_dualcore_boot_cm4_cm7.o
 .debug_macro   0x0002d8fc       0x10 ./Common/Src/system_stm32h7xx_dualcore_boot_cm4_cm7.o
 .debug_macro   0x0002d90c       0x58 ./Common/Src/system_stm32h7xx_dualcore_boot_cm4_cm7.o
 .debug_macro   0x0002d964       0x8e ./Common/Src/system_stm32h7xx_dualcore_boot_cm4_cm7.o
 .debug_macro   0x0002d9f2       0x1c ./Common/Src/system_stm32h7xx_dualcore_boot_cm4_cm7.o
 .debug_macro   0x0002da0e      0x177 ./Common/Src/system_stm32h7xx_dualcore_boot_cm4_cm7.o
 .debug_macro   0x0002db85      0x369 ./Common/Src/system_stm32h7xx_dualcore_boot_cm4_cm7.o
 .debug_macro   0x0002deee      0x19b ./Common/Src/system_stm32h7xx_dualcore_boot_cm4_cm7.o
 .debug_macro   0x0002e089       0x5d ./Common/Src/system_stm32h7xx_dualcore_boot_cm4_cm7.o
 .debug_macro   0x0002e0e6     0x3a9d ./Common/Src/system_stm32h7xx_dualcore_boot_cm4_cm7.o
 .debug_macro   0x00031b83     0x1072 ./Common/Src/system_stm32h7xx_dualcore_boot_cm4_cm7.o
 .debug_macro   0x00032bf5      0x154 ./Common/Src/system_stm32h7xx_dualcore_boot_cm4_cm7.o
 .debug_macro   0x00032d49      0x130 ./Common/Src/system_stm32h7xx_dualcore_boot_cm4_cm7.o
 .debug_macro   0x00032e79      0x3c2 ./Common/Src/system_stm32h7xx_dualcore_boot_cm4_cm7.o
 .debug_macro   0x0003323b       0xac ./Common/Src/system_stm32h7xx_dualcore_boot_cm4_cm7.o
 .debug_macro   0x000332e7      0x72d ./Common/Src/system_stm32h7xx_dualcore_boot_cm4_cm7.o