../Core/Src/main.cpp:127:5:int main()	16	static
../Core/Src/main.cpp:243:6:void SystemClock_Config()	120	static
../Core/Src/main.cpp:302:13:void MX_ETH_Init()	8	static
../Core/Src/main.cpp:351:13:void MX_TIM5_Init()	64	static
../Core/Src/main.cpp:409:13:void MX_USART3_UART_Init()	8	static
../Core/Src/main.cpp:457:13:void MX_USB_OTG_FS_PCD_Init()	8	static
../Core/Src/main.cpp:493:13:void MX_GPIO_Init()	56	static
../Core/Src/main.cpp:532:6:void StartDefaultTask(void*)	16	static
../Core/Src/main.cpp:550:6:void StartTestTask(void*)	48	static
../Core/Src/main.cpp:585:6:void HAL_TIM_PeriodElapsedCallback(TIM_HandleTypeDef*)	16	static
../Core/Src/main.cpp:602:6:void Error_Handler()	4	static,ignoring_inline_asm
